Archive member included to satisfy reference by file (symbol)

C:/ST/STM32CubeIDE_1.18.1/STM32CubeIDE/plugins/com.st.stm32cube.ide.mcu.externaltools.gnu-tools-for-stm32.13.3.rel1.win32_1.0.0.202411081344/tools/bin/../lib/gcc/arm-none-eabi/13.3.1/../../../../arm-none-eabi/lib/thumb/v7e-m+fp/hard\libc_nano.a(libc_a-exit.o)
                              C:/ST/STM32CubeIDE_1.18.1/STM32CubeIDE/plugins/com.st.stm32cube.ide.mcu.externaltools.gnu-tools-for-stm32.13.3.rel1.win32_1.0.0.202411081344/tools/bin/../lib/gcc/arm-none-eabi/13.3.1/../../../../arm-none-eabi/lib/thumb/v7e-m+fp/hard/crt0.o (exit)
C:/ST/STM32CubeIDE_1.18.1/STM32CubeIDE/plugins/com.st.stm32cube.ide.mcu.externaltools.gnu-tools-for-stm32.13.3.rel1.win32_1.0.0.202411081344/tools/bin/../lib/gcc/arm-none-eabi/13.3.1/../../../../arm-none-eabi/lib/thumb/v7e-m+fp/hard\libc_nano.a(libc_a-malloc.o)
                              ./Core/Src/main.o (malloc)
C:/ST/STM32CubeIDE_1.18.1/STM32CubeIDE/plugins/com.st.stm32cube.ide.mcu.externaltools.gnu-tools-for-stm32.13.3.rel1.win32_1.0.0.202411081344/tools/bin/../lib/gcc/arm-none-eabi/13.3.1/../../../../arm-none-eabi/lib/thumb/v7e-m+fp/hard\libc_nano.a(libc_a-mallocr.o)
                              C:/ST/STM32CubeIDE_1.18.1/STM32CubeIDE/plugins/com.st.stm32cube.ide.mcu.externaltools.gnu-tools-for-stm32.13.3.rel1.win32_1.0.0.202411081344/tools/bin/../lib/gcc/arm-none-eabi/13.3.1/../../../../arm-none-eabi/lib/thumb/v7e-m+fp/hard\libc_nano.a(libc_a-malloc.o) (_malloc_r)
C:/ST/STM32CubeIDE_1.18.1/STM32CubeIDE/plugins/com.st.stm32cube.ide.mcu.externaltools.gnu-tools-for-stm32.13.3.rel1.win32_1.0.0.202411081344/tools/bin/../lib/gcc/arm-none-eabi/13.3.1/../../../../arm-none-eabi/lib/thumb/v7e-m+fp/hard\libc_nano.a(libc_a-mlock.o)
                              C:/ST/STM32CubeIDE_1.18.1/STM32CubeIDE/plugins/com.st.stm32cube.ide.mcu.externaltools.gnu-tools-for-stm32.13.3.rel1.win32_1.0.0.202411081344/tools/bin/../lib/gcc/arm-none-eabi/13.3.1/../../../../arm-none-eabi/lib/thumb/v7e-m+fp/hard\libc_nano.a(libc_a-mallocr.o) (__malloc_lock)
C:/ST/STM32CubeIDE_1.18.1/STM32CubeIDE/plugins/com.st.stm32cube.ide.mcu.externaltools.gnu-tools-for-stm32.13.3.rel1.win32_1.0.0.202411081344/tools/bin/../lib/gcc/arm-none-eabi/13.3.1/../../../../arm-none-eabi/lib/thumb/v7e-m+fp/hard\libc_nano.a(libc_a-findfp.o)
                              C:/ST/STM32CubeIDE_1.18.1/STM32CubeIDE/plugins/com.st.stm32cube.ide.mcu.externaltools.gnu-tools-for-stm32.13.3.rel1.win32_1.0.0.202411081344/tools/bin/../lib/gcc/arm-none-eabi/13.3.1/../../../../arm-none-eabi/lib/thumb/v7e-m+fp/hard\libc_nano.a(libc_a-exit.o) (__stdio_exit_handler)
C:/ST/STM32CubeIDE_1.18.1/STM32CubeIDE/plugins/com.st.stm32cube.ide.mcu.externaltools.gnu-tools-for-stm32.13.3.rel1.win32_1.0.0.202411081344/tools/bin/../lib/gcc/arm-none-eabi/13.3.1/../../../../arm-none-eabi/lib/thumb/v7e-m+fp/hard\libc_nano.a(libc_a-fwalk.o)
                              C:/ST/STM32CubeIDE_1.18.1/STM32CubeIDE/plugins/com.st.stm32cube.ide.mcu.externaltools.gnu-tools-for-stm32.13.3.rel1.win32_1.0.0.202411081344/tools/bin/../lib/gcc/arm-none-eabi/13.3.1/../../../../arm-none-eabi/lib/thumb/v7e-m+fp/hard\libc_nano.a(libc_a-findfp.o) (_fwalk_sglue)
C:/ST/STM32CubeIDE_1.18.1/STM32CubeIDE/plugins/com.st.stm32cube.ide.mcu.externaltools.gnu-tools-for-stm32.13.3.rel1.win32_1.0.0.202411081344/tools/bin/../lib/gcc/arm-none-eabi/13.3.1/../../../../arm-none-eabi/lib/thumb/v7e-m+fp/hard\libc_nano.a(libc_a-sprintf.o)
                              ./Core/Src/main.o (sprintf)
C:/ST/STM32CubeIDE_1.18.1/STM32CubeIDE/plugins/com.st.stm32cube.ide.mcu.externaltools.gnu-tools-for-stm32.13.3.rel1.win32_1.0.0.202411081344/tools/bin/../lib/gcc/arm-none-eabi/13.3.1/../../../../arm-none-eabi/lib/thumb/v7e-m+fp/hard\libc_nano.a(libc_a-stdio.o)
                              C:/ST/STM32CubeIDE_1.18.1/STM32CubeIDE/plugins/com.st.stm32cube.ide.mcu.externaltools.gnu-tools-for-stm32.13.3.rel1.win32_1.0.0.202411081344/tools/bin/../lib/gcc/arm-none-eabi/13.3.1/../../../../arm-none-eabi/lib/thumb/v7e-m+fp/hard\libc_nano.a(libc_a-findfp.o) (__sread)
C:/ST/STM32CubeIDE_1.18.1/STM32CubeIDE/plugins/com.st.stm32cube.ide.mcu.externaltools.gnu-tools-for-stm32.13.3.rel1.win32_1.0.0.202411081344/tools/bin/../lib/gcc/arm-none-eabi/13.3.1/../../../../arm-none-eabi/lib/thumb/v7e-m+fp/hard\libc_nano.a(libc_a-memset.o)
                              C:/ST/STM32CubeIDE_1.18.1/STM32CubeIDE/plugins/com.st.stm32cube.ide.mcu.externaltools.gnu-tools-for-stm32.13.3.rel1.win32_1.0.0.202411081344/tools/bin/../lib/gcc/arm-none-eabi/13.3.1/../../../../arm-none-eabi/lib/thumb/v7e-m+fp/hard/crt0.o (memset)
C:/ST/STM32CubeIDE_1.18.1/STM32CubeIDE/plugins/com.st.stm32cube.ide.mcu.externaltools.gnu-tools-for-stm32.13.3.rel1.win32_1.0.0.202411081344/tools/bin/../lib/gcc/arm-none-eabi/13.3.1/../../../../arm-none-eabi/lib/thumb/v7e-m+fp/hard\libc_nano.a(libc_a-closer.o)
[...]
Memory Configuration

Name             Origin             Length             Attributes
CCMRAM           0x10000000         0x00010000         xrw
RAM              0x20000000         0x00020000         xrw
FLASH            0x08000000         0x00100000         xr
*default*        0x00000000         0xffffffff

Linker script and memory map

LOAD C:/ST/STM32CubeIDE_1.18.1/STM32CubeIDE/plugins/com.st.stm32cube.ide.mcu.externaltools.gnu-tools-for-stm32.13.3.rel1.win32_1.0.0.202411081344/tools/bin/../lib/gcc/arm-none-eabi/13.3.1/thumb/v7e-m+fp/hard/crti.o
LOAD C:/ST/STM32CubeIDE_1.18.1/STM32CubeIDE/plugins/com.st.stm32cube.ide.mcu.externaltools.gnu-tools-for-stm32.13.3.rel1.win32_1.0.0.202411081344/tools/bin/../lib/gcc/arm-none-eabi/13.3.1/thumb/v7e-m+fp/hard/crtbegin.o
LOAD C:/ST/STM32CubeIDE_1.18.1/STM32CubeIDE/plugins/com.st.stm32cube.ide.mcu.externaltools.gnu-tools-for-stm32.13.3.rel1.win32_1.0.0.202411081344/tools/bin/../lib/gcc/arm-none-eabi/13.3.1/../../../../arm-none-eabi/lib/thumb/v7e-m+fp/hard/crt0.o
LOAD ./Core/Interfaces/interfaceB1.o
LOAD ./Core/Interfaces/interfaceT1.o
LOAD ./Core/Interfaces/interfaceT2.o
LOAD ./Core/Interfaces/interfaceT3.o
LOAD ./Core/Interfaces/interfaceT4.o
LOAD ./Core/Pilotes/PiloteIO_SPI_EPAPER.o
LOAD ./Core/Pilotes/PïloteTimer6Up.o
LOAD ./Core/Pilotes/piloteIOB1.o
LOAD ./Core/Pilotes/piloteIOT1.o
LOAD ./Core/Pilotes/piloteIOT2.o
LOAD ./Core/Pilotes/piloteIOT3.o
LOAD ./Core/Pilotes/piloteIOT4.o
LOAD ./Core/Services/serviceBaseDeTemps.o
LOAD ./Core/Src/EPD_352_Interface.o
LOAD ./Core/Src/GUI_Paint.o
LOAD ./Core/Src/ImageData.o
LOAD ./Core/Src/font12.o
LOAD ./Core/Src/font16.o
LOAD ./Core/Src/font20.o
LOAD ./Core/Src/font24.o
LOAD ./Core/Src/font8.o
LOAD ./Core/Src/main.o
LOAD ./Core/Src/stm32f4xx_hal_msp.o
LOAD ./Core/Src/stm32f4xx_it.o
LOAD ./Core/Src/syscalls.o
LOAD ./Core/Src/sysmem.o
LOAD ./Core/Src/system_stm32f4xx.o
LOAD ./Core/Startup/startup_stm32f407vgtx.o
LOAD ./Drivers/STM32F4xx_HAL_Driver/Src/stm32f4xx_hal.o
LOAD ./Drivers/STM32F4xx_HAL_Driver/Src/stm32f4xx_hal_cortex.o
LOAD ./Drivers/STM32F4xx_HAL_Driver/Src/stm32f4xx_hal_dma.o
LOAD ./Drivers/STM32F4xx_HAL_Driver/Src/stm32f4xx_hal_dma_ex.o
LOAD ./Drivers/STM32F4xx_HAL_Driver/Src/stm32f4xx_hal_exti.o
LOAD ./Drivers/STM32F4xx_HAL_Driver/Src/stm32f4xx_hal_flash.o
LOAD ./Drivers/STM32F4xx_HAL_Driver/Src/stm32f4xx_hal_flash_ex.o
LOAD ./Drivers/STM32F4xx_HAL_Driver/Src/stm32f4xx_hal_flash_ramfunc.o
LOAD ./Drivers/STM32F4xx_HAL_Driver/Src/stm32f4xx_hal_gpio.o
LOAD ./Drivers/STM32F4xx_HAL_Driver/Src/stm32f4xx_hal_i2c.o
LOAD ./Drivers/STM32F4xx_HAL_Driver/Src/stm32f4xx_hal_i2c_ex.o
LOAD ./Drivers/STM32F4xx_HAL_Driver/Src/stm32f4xx_hal_pcd.o
LOAD ./Drivers/STM32F4xx_HAL_Driver/Src/stm32f4xx_hal_pcd_ex.o
LOAD ./Drivers/STM32F4xx_HAL_Driver/Src/stm32f4xx_hal_pwr.o
LOAD ./Drivers/STM32F4xx_HAL_Driver/Src/stm32f4xx_hal_pwr_ex.o
LOAD ./Drivers/STM32F4xx_HAL_Driver/Src/stm32f4xx_hal_rcc.o
LOAD ./Drivers/STM32F4xx_HAL_Driver/Src/stm32f4xx_hal_rcc_ex.o
LOAD ./Drivers/STM32F4xx_HAL_Driver/Src/stm32f4xx_hal_spi.o
LOAD ./Drivers/STM32F4xx_HAL_Driver/Src/stm32f4xx_hal_tim.o
LOAD ./Drivers/STM32F4xx_HAL_Driver/Src/stm32f4xx_hal_tim_ex.o
LOAD ./Drivers/STM32F4xx_HAL_Driver/Src/stm32f4xx_hal_uart.o
LOAD ./Drivers/STM32F4xx_HAL_Driver/Src/stm32f4xx_ll_usb.o
START GROUP
LOAD C:/ST/STM32CubeIDE_1.18.1/STM32CubeIDE/plugins/com.st.stm32cube.ide.mcu.externaltools.gnu-tools-for-stm32.13.3.rel1.win32_1.0.0.202411081344/tools/bin/../lib/gcc/arm-none-eabi/13.3.1/../../../../arm-none-eabi/lib/thumb/v7e-m+fp/hard\libstdc++_nano.a
LOAD C:/ST/STM32CubeIDE_1.18.1/STM32CubeIDE/plugins/com.st.stm32cube.ide.mcu.externaltools.gnu-tools-for-stm32.13.3.rel1.win32_1.0.0.202411081344/tools/bin/../lib/gcc/arm-none-eabi/13.3.1/../../../../arm-none-eabi/lib/thumb/v7e-m+fp/hard\libsupc++_nano.a
END GROUP
LOAD C:/ST/STM32CubeIDE_1.18.1/STM32CubeIDE/plugins/com.st.stm32cube.ide.mcu.externaltools.gnu-tools-for-stm32.13.3.rel1.win32_1.0.0.202411081344/tools/bin/../lib/gcc/arm-none-eabi/13.3.1/../../../../arm-none-eabi/lib/thumb/v7e-m+fp/hard\libstdc++_nano.a
LOAD C:/ST/STM32CubeIDE_1.18.1/STM32CubeIDE/plugins/com.st.stm32cube.ide.mcu.externaltools.gnu-tools-for-stm32.13.3.rel1.win32_1.0.0.202411081344/tools/bin/../lib/gcc/arm-none-eabi/13.3.1/../../../../arm-none-eabi/lib/thumb/v7e-m+fp/hard\libm.a
LOAD C:/ST/STM32CubeIDE_1.18.1/STM32CubeIDE/plugins/com.st.stm32cube.ide.mcu.externaltools.gnu-tools-for-stm32.13.3.rel1.win32_1.0.0.202411081344/tools/bin/../lib/gcc/arm-none-eabi/13.3.1/../../../../arm-none-eabi/lib/thumb/v7e-m+fp/hard\libc_nano.a
START GROUP
LOAD C:/ST/STM32CubeIDE_1.18.1/STM32CubeIDE/plugins/com.st.stm32cube.ide.mcu.externaltools.gnu-tools-for-stm32.13.3.rel1.win32_1.0.0.202411081344/tools/bin/../lib/gcc/arm-none-eabi/13.3.1/thumb/v7e-m+fp/hard\libgcc.a
LOAD C:/ST/STM32CubeIDE_1.18.1/STM32CubeIDE/plugins/com.st.stm32cube.ide.mcu.externaltools.gnu-tools-for-stm32.13.3.rel1.win32_1.0.0.202411081344/tools/bin/../lib/gcc/arm-none-eabi/13.3.1/../../../../arm-none-eabi/lib/thumb/v7e-m+fp/hard\libc_nano.a
END GROUP
START GROUP
LOAD C:/ST/STM32CubeIDE_1.18.1/STM32CubeIDE/plugins/com.st.stm32cube.ide.mcu.externaltools.gnu-tools-for-stm32.13.3.rel1.win32_1.0.0.202411081344/tools/bin/../lib/gcc/arm-none-eabi/13.3.1/thumb/v7e-m+fp/hard\libgcc.a
LOAD C:/ST/STM32CubeIDE_1.18.1/STM32CubeIDE/plugins/com.st.stm32cube.ide.mcu.externaltools.gnu-tools-for-stm32.13.3.rel1.win32_1.0.0.202411081344/tools/bin/../lib/gcc/arm-none-eabi/13.3.1/../../../../arm-none-eabi/lib/thumb/v7e-m+fp/hard\libc_nano.a
LOAD C:/ST/STM32CubeIDE_1.18.1/STM32CubeIDE/plugins/com.st.stm32cube.ide.mcu.externaltools.gnu-tools-for-stm32.13.3.rel1.win32_1.0.0.202411081344/tools/bin/../lib/gcc/arm-none-eabi/13.3.1/../../../../arm-none-eabi/lib/thumb/v7e-m+fp/hard\libnosys.a
END GROUP
START GROUP
LOAD C:/ST/STM32CubeIDE_1.18.1/STM32CubeIDE/plugins/com.st.stm32cube.ide.mcu.externaltools.gnu-tools-for-stm32.13.3.rel1.win32_1.0.0.202411081344/tools/bin/../lib/gcc/arm-none-eabi/13.3.1/thumb/v7e-m+fp/hard\libgcc.a
LOAD C:/ST/STM32CubeIDE_1.18.1/STM32CubeIDE/plugins/com.st.stm32cube.ide.mcu.externaltools.gnu-tools-for-stm32.13.3.rel1.win32_1.0.0.202411081344/tools/bin/../lib/gcc/arm-none-eabi/13.3.1/../../../../arm-none-eabi/lib/thumb/v7e-m+fp/hard\libc_nano.a
LOAD C:/ST/STM32CubeIDE_1.18.1/STM32CubeIDE/plugins/com.st.stm32cube.ide.mcu.externaltools.gnu-tools-for-stm32.13.3.rel1.win32_1.0.0.202411081344/tools/bin/../lib/gcc/arm-none-eabi/13.3.1/../../../../arm-none-eabi/lib/thumb/v7e-m+fp/hard\libnosys.a
END GROUP
LOAD C:/ST/STM32CubeIDE_1.18.1/STM32CubeIDE/plugins/com.st.stm32cube.ide.mcu.externaltools.gnu-tools-for-stm32.13.3.rel1.win32_1.0.0.202411081344/tools/bin/../lib/gcc/arm-none-eabi/13.3.1/thumb/v7e-m+fp/hard/crtend.o
LOAD C:/ST/STM32CubeIDE_1.18.1/STM32CubeIDE/plugins/com.st.stm32cube.ide.mcu.externaltools.gnu-tools-for-stm32.13.3.rel1.win32_1.0.0.202411081344/tools/bin/../lib/gcc/arm-none-eabi/13.3.1/thumb/v7e-m+fp/hard/crtn.o
                0x20020000                        _estack = (ORIGIN (RAM) + LENGTH (RAM))
                0x00002000                        _Min_Heap_Size = 0x2000
                0x00004000                        _Min_Stack_Size = 0x4000

.isr_vector     0x08000000      0x188
                0x08000000                        . = ALIGN (0x4)
 *(.isr_vector)
 .isr_vector    0x08000000      0x188 ./Core/Startup/startup_stm32f407vgtx.o
                0x08000000                g_pfnVectors
                0x08000188                        . = ALIGN (0x4)

.text           0x08000190     0x6728
                0x08000190                        . = ALIGN (0x4)
 *(.text)
 .text          0x08000190       0x40 C:/ST/STM32CubeIDE_1.18.1/STM32CubeIDE/plugins/com.st.stm32cube.ide.mcu.externaltools.gnu-tools-for-stm32.13.3.rel1.win32_1.0.0.202411081344/tools/bin/../lib/gcc/arm-none-eabi/13.3.1/thumb/v7e-m+fp/hard/crtbegin.o
 .text          0x080001d0       0xa0 C:/ST/STM32CubeIDE_1.18.1/STM32CubeIDE/plugins/com.st.stm32cube.ide.mcu.externaltools.gnu-tools-for-stm32.13.3.rel1.win32_1.0.0.202411081344/tools/bin/../lib/gcc/arm-none-eabi/13.3.1/../../../../arm-none-eabi/lib/thumb/v7e-m+fp/hard\libc_nano.a(libc_a-memchr.o)
                0x080001d0                memchr
 .text          0x08000270       0x30 C:/ST/STM32CubeIDE_1.18.1/STM32CubeIDE/plugins/com.st.stm32cube.ide.mcu.externaltools.gnu-tools-for-stm32.13.3.rel1.win32_1.0.0.202411081344/tools/bin/../lib/gcc/arm-none-eabi/13.3.1/thumb/v7e-m+fp/hard\libgcc.a(_aeabi_uldivmod.o)
                0x08000270                __aeabi_uldivmod
 .text          0x080002a0      0x2f8 C:/ST/STM32CubeIDE_1.18.1/STM32CubeIDE/plugins/com.st.stm32cube.ide.mcu.externaltools.gnu-tools-for-stm32.13.3.rel1.win32_1.0.0.202411081344/tools/bin/../lib/gcc/arm-none-eabi/13.3.1/thumb/v7e-m+fp/hard\libgcc.a(_udivmoddi4.o)
                0x080002a0                __udivmoddi4
 .text          0x08000598        0x4 C:/ST/STM32CubeIDE_1.18.1/STM32CubeIDE/plugins/com.st.stm32cube.ide.mcu.externaltools.gnu-tools-for-stm32.13.3.rel1.win32_1.0.0.202411081344/tools/bin/../lib/gcc/arm-none-eabi/13.3.1/thumb/v7e-m+fp/hard\libgcc.a(_dvmd_tls.o)
                0x08000598                __aeabi_idiv0
                0x08000598                __aeabi_ldiv0
 *(.text*)
 .text.interfaceT1_allume
                0x0800059c        0xe ./Core/Interfaces/interfaceT1.o
                0x0800059c                interfaceT1_allume
 .text.interfaceT1_eteint
                0x080005aa        0xe ./Core/Interfaces/interfaceT1.o
                0x080005aa                interfaceT1_eteint
 .text.Pilote_CS0_EPAPER_metAUn
                0x080005b8       0x18 ./Core/Pilotes/PiloteIO_SPI_EPAPER.o
                0x080005b8                Pilote_CS0_EPAPER_metAUn
 .text.Pilote_CS0_EPAPER_metAZero
                0x080005d0       0x18 ./Core/Pilotes/PiloteIO_SPI_EPAPER.o
                0x080005d0                Pilote_CS0_EPAPER_metAZero
 .text.HAL_TIM_PeriodElapsedCallback
                0x080005e8       0x28 ./Core/Pilotes/PïloteTimer6Up.o
                0x080005e8                HAL_TIM_PeriodElapsedCallback
 .text.piloteIOT1_metLaSortieA
                0x08000610       0x24 ./Core/Pilotes/piloteIOT1.o
                0x08000610                piloteIOT1_metLaSortieA
 .text.EPD_352_SendCommand
                0x08000634       0x3c ./Core/Src/EPD_352_Interface.o
                0x08000634                EPD_352_SendCommand
 .text.EPD_352_SendData
                0x08000670       0x3c ./Core/Src/EPD_352_Interface.o
                0x08000670                EPD_352_SendData
 .text.EPD_352_refresh
                0x080006ac       0x3c ./Core/Src/EPD_352_Interface.o
                0x080006ac                EPD_352_refresh
 .text.EPD_352_lut_GC
                0x080006e8      0x134 ./Core/Src/EPD_352_Interface.o
                0x080006e8                EPD_352_lut_GC
 .text.EPD_352_Init
                0x0800081c       0xc0 ./Core/Src/EPD_352_Interface.o
                0x0800081c                EPD_352_Init
 .text.EPD_352_display
                0x080008dc       0x3e ./Core/Src/EPD_352_Interface.o
                0x080008dc                EPD_352_display
 *fill*         0x0800091a        0x2 
 .text.EPD_352_display_NUM
                0x0800091c      0x1c8 ./Core/Src/EPD_352_Interface.o
                0x0800091c                EPD_352_display_NUM
 .text.EPD_352_Reset
                0x08000ae4       0x3c ./Core/Src/EPD_352_Interface.o
                0x08000ae4                EPD_352_Reset
 .text.Paint_NewImage
                0x08000b20       0xac ./Core/Src/GUI_Paint.o
                0x08000b20                Paint_NewImage
 .text.Paint_SelectImage
                0x08000bcc       0x20 ./Core/Src/GUI_Paint.o
                0x08000bcc                Paint_SelectImage
 .text.Paint_Clear
                0x08000bec      0x150 ./Core/Src/GUI_Paint.o
                0x08000bec                Paint_Clear
 .text.Paint_DrawBitMap
                0x08000d3c       0x6c ./Core/Src/GUI_Paint.o
                0x08000d3c                Paint_DrawBitMap
 .text.main_initialiseApresLeHAL
                0x08000da8        0xc ./Core/Src/main.o
                0x08000da8                main_initialiseApresLeHAL
 .text.main     0x08000db4      0x194 ./Core/Src/main.o
                0x08000db4                main
 .text.SystemClock_Config
                0x08000f48       0xd4 ./Core/Src/main.o
                0x08000f48                SystemClock_Config
 .text.MX_I2C1_Init
                0x0800101c       0x5c ./Core/Src/main.o
 .text.MX_SPI1_Init
                0x08001078       0x6c ./Core/Src/main.o
 .text.MX_SPI2_Init
                0x080010e4       0x6c ./Core/Src/main.o
 .text.MX_TIM3_Init
                0x08001150       0x9c ./Core/Src/main.o
 .text.MX_TIM6_Init
                0x080011ec       0x6c ./Core/Src/main.o
 .text.MX_USART2_UART_Init
                0x08001258       0x54 ./Core/Src/main.o
 .text.MX_USB_OTG_FS_PCD_Init
                0x080012ac       0x5c ./Core/Src/main.o
 .text.MX_GPIO_Init
                0x08001308      0x264 ./Core/Src/main.o
 .text.Error_Handler
                0x0800156c        0xc ./Core/Src/main.o
                0x0800156c                Error_Handler
 .text.HAL_MspInit
                0x08001578       0x50 ./Core/Src/stm32f4xx_hal_msp.o
                0x08001578                HAL_MspInit
 .text.HAL_I2C_MspInit
                0x080015c8       0x90 ./Core/Src/stm32f4xx_hal_msp.o
                0x080015c8                HAL_I2C_MspInit
 .text.HAL_SPI_MspInit
                0x08001658       0xfc ./Core/Src/stm32f4xx_hal_msp.o
                0x08001658                HAL_SPI_MspInit
 .text.HAL_TIM_Base_MspInit
                0x08001754       0x7c ./Core/Src/stm32f4xx_hal_msp.o
                0x08001754                HAL_TIM_Base_MspInit
 .text.HAL_UART_MspInit
                0x080017d0       0x90 ./Core/Src/stm32f4xx_hal_msp.o
                0x080017d0                HAL_UART_MspInit
 .text.HAL_PCD_MspInit
                0x08001860       0xc4 ./Core/Src/stm32f4xx_hal_msp.o
                0x08001860                HAL_PCD_MspInit
 .text.NMI_Handler
                0x08001924        0x8 ./Core/Src/stm32f4xx_it.o
                0x08001924                NMI_Handler
 .text.HardFault_Handler
                0x0800192c        0x8 ./Core/Src/stm32f4xx_it.o
                0x0800192c                HardFault_Handler
 .text.MemManage_Handler
                0x08001934        0x8 ./Core/Src/stm32f4xx_it.o
                0x08001934                MemManage_Handler
 .text.BusFault_Handler
                0x0800193c        0x8 ./Core/Src/stm32f4xx_it.o
                0x0800193c                BusFault_Handler
 .text.UsageFault_Handler
                0x08001944        0x8 ./Core/Src/stm32f4xx_it.o
                0x08001944                UsageFault_Handler
 .text.SVC_Handler
                0x0800194c        0xe ./Core/Src/stm32f4xx_it.o
                0x0800194c                SVC_Handler
 .text.DebugMon_Handler
                0x0800195a        0xe ./Core/Src/stm32f4xx_it.o
                0x0800195a                DebugMon_Handler
 .text.PendSV_Handler
                0x08001968        0xe ./Core/Src/stm32f4xx_it.o
                0x08001968                PendSV_Handler
 .text.SysTick_Handler
                0x08001976        0xc ./Core/Src/stm32f4xx_it.o
                0x08001976                SysTick_Handler
 *fill*         0x08001982        0x2 
 .text.TIM3_IRQHandler
                0x08001984       0x14 ./Core/Src/stm32f4xx_it.o
                0x08001984                TIM3_IRQHandler
 .text.OTG_FS_IRQHandler
                0x08001998       0x14 ./Core/Src/stm32f4xx_it.o
                0x08001998                OTG_FS_IRQHandler
 .text._sbrk    0x080019ac       0x6c ./Core/Src/sysmem.o
                0x080019ac                _sbrk
 .text.SystemInit
                0x08001a18       0x24 ./Core/Src/system_stm32f4xx.o
                0x08001a18                SystemInit
 .text.Reset_Handler
                0x08001a3c       0x50 ./Core/Startup/startup_stm32f407vgtx.o
                0x08001a3c                Reset_Handler
 .text.Default_Handler
                0x08001a8c        0x2 ./Core/Startup/startup_stm32f407vgtx.o
                0x08001a8c                RTC_Alarm_IRQHandler
                0x08001a8c                HASH_RNG_IRQHandler
                0x08001a8c                EXTI2_IRQHandler
                0x08001a8c                TIM8_CC_IRQHandler
                0x08001a8c                TIM1_CC_IRQHandler
                0x08001a8c                DMA2_Stream5_IRQHandler
                0x08001a8c                DMA1_Stream5_IRQHandler
                0x08001a8c                PVD_IRQHandler
                0x08001a8c                SDIO_IRQHandler
                0x08001a8c                TAMP_STAMP_IRQHandler
                0x08001a8c                CAN2_RX1_IRQHandler
                0x08001a8c                EXTI3_IRQHandler
                0x08001a8c                TIM8_TRG_COM_TIM14_IRQHandler
                0x08001a8c                TIM1_UP_TIM10_IRQHandler
                0x08001a8c                TIM8_UP_TIM13_IRQHandler
                0x08001a8c                I2C3_ER_IRQHandler
                0x08001a8c                EXTI0_IRQHandler
                0x08001a8c                I2C2_EV_IRQHandler
                0x08001a8c                DMA1_Stream2_IRQHandler
                0x08001a8c                CAN1_RX0_IRQHandler
                0x08001a8c                FPU_IRQHandler
                0x08001a8c                OTG_HS_WKUP_IRQHandler
                0x08001a8c                CAN2_SCE_IRQHandler
                0x08001a8c                DMA2_Stream2_IRQHandler
                0x08001a8c                SPI1_IRQHandler
                0x08001a8c                TIM6_DAC_IRQHandler
                0x08001a8c                TIM1_BRK_TIM9_IRQHandler
                0x08001a8c                DCMI_IRQHandler
                0x08001a8c                CAN2_RX0_IRQHandler
                0x08001a8c                DMA2_Stream3_IRQHandler
                0x08001a8c                USART6_IRQHandler
                0x08001a8c                USART3_IRQHandler
                0x08001a8c                CAN1_RX1_IRQHandler
                0x08001a8c                UART5_IRQHandler
                0x08001a8c                DMA2_Stream0_IRQHandler
                0x08001a8c                TIM4_IRQHandler
                0x08001a8c                I2C1_EV_IRQHandler
                0x08001a8c                DMA1_Stream6_IRQHandler
                0x08001a8c                DMA1_Stream1_IRQHandler
                0x08001a8c                UART4_IRQHandler
                0x08001a8c                RCC_IRQHandler
                0x08001a8c                TIM8_BRK_TIM12_IRQHandler
                0x08001a8c                Default_Handler
                0x08001a8c                EXTI15_10_IRQHandler
                0x08001a8c                ADC_IRQHandler
                0x08001a8c                DMA1_Stream7_IRQHandler
                0x08001a8c                TIM7_IRQHandler
                0x08001a8c                CAN2_TX_IRQHandler
                0x08001a8c                TIM5_IRQHandler
                0x08001a8c                DMA2_Stream7_IRQHandler
                0x08001a8c                I2C3_EV_IRQHandler
                0x08001a8c                EXTI9_5_IRQHandler
                0x08001a8c                RTC_WKUP_IRQHandler
                0x08001a8c                ETH_WKUP_IRQHandler
                0x08001a8c                SPI2_IRQHandler
                0x08001a8c                OTG_HS_EP1_IN_IRQHandler
                0x08001a8c                DMA1_Stream0_IRQHandler
                0x08001a8c                CAN1_TX_IRQHandler
                0x08001a8c                EXTI4_IRQHandler
                0x08001a8c                FSMC_IRQHandler
                0x08001a8c                ETH_IRQHandler
                0x08001a8c                OTG_HS_EP1_OUT_IRQHandler
                0x08001a8c                WWDG_IRQHandler
                0x08001a8c                TIM2_IRQHandler
                0x08001a8c                OTG_FS_WKUP_IRQHandler
                0x08001a8c                TIM1_TRG_COM_TIM11_IRQHandler
                0x08001a8c                OTG_HS_IRQHandler
                0x08001a8c                EXTI1_IRQHandler
                0x08001a8c                USART2_IRQHandler
                0x08001a8c                I2C2_ER_IRQHandler
                0x08001a8c                DMA2_Stream1_IRQHandler
                0x08001a8c                CAN1_SCE_IRQHandler
                0x08001a8c                FLASH_IRQHandler
                0x08001a8c                DMA2_Stream4_IRQHandler
                0x08001a8c                USART1_IRQHandler
                0x08001a8c                SPI3_IRQHandler
                0x08001a8c                DMA1_Stream4_IRQHandler
                0x08001a8c                I2C1_ER_IRQHandler
                0x08001a8c                DMA2_Stream6_IRQHandler
                0x08001a8c                DMA1_Stream3_IRQHandler
 *fill*         0x08001a8e        0x2 
 .text.HAL_Init
                0x08001a90       0x44 ./Drivers/STM32F4xx_HAL_Driver/Src/stm32f4xx_hal.o
                0x08001a90                HAL_Init
 .text.HAL_InitTick
                0x08001ad4       0x60 ./Drivers/STM32F4xx_HAL_Driver/Src/stm32f4xx_hal.o
                0x08001ad4                HAL_InitTick
 .text.HAL_IncTick
                0x08001b34       0x28 ./Drivers/STM32F4xx_HAL_Driver/Src/stm32f4xx_hal.o
                0x08001b34                HAL_IncTick
 .text.HAL_GetTick
                0x08001b5c       0x18 ./Drivers/STM32F4xx_HAL_Driver/Src/stm32f4xx_hal.o
                0x08001b5c                HAL_GetTick
 .text.HAL_Delay
                0x08001b74       0x48 ./Drivers/STM32F4xx_HAL_Driver/Src/stm32f4xx_hal.o
                0x08001b74                HAL_Delay
 .text.__NVIC_SetPriorityGrouping
                0x08001bbc       0x48 ./Drivers/STM32F4xx_HAL_Driver/Src/stm32f4xx_hal_cortex.o
 .text.__NVIC_GetPriorityGrouping
                0x08001c04       0x1c ./Drivers/STM32F4xx_HAL_Driver/Src/stm32f4xx_hal_cortex.o
 .text.__NVIC_EnableIRQ
                0x08001c20       0x3c ./Drivers/STM32F4xx_HAL_Driver/Src/stm32f4xx_hal_cortex.o
 .text.__NVIC_SetPriority
                0x08001c5c       0x54 ./Drivers/STM32F4xx_HAL_Driver/Src/stm32f4xx_hal_cortex.o
 .text.NVIC_EncodePriority
                0x08001cb0       0x66 ./Drivers/STM32F4xx_HAL_Driver/Src/stm32f4xx_hal_cortex.o
 *fill*         0x08001d16        0x2 
 .text.SysTick_Config
                0x08001d18       0x44 ./Drivers/STM32F4xx_HAL_Driver/Src/stm32f4xx_hal_cortex.o
 .text.HAL_NVIC_SetPriorityGrouping
                0x08001d5c       0x16 ./Drivers/STM32F4xx_HAL_Driver/Src/stm32f4xx_hal_cortex.o
                0x08001d5c                HAL_NVIC_SetPriorityGrouping
 .text.HAL_NVIC_SetPriority
                0x08001d72       0x38 ./Drivers/STM32F4xx_HAL_Driver/Src/stm32f4xx_hal_cortex.o
                0x08001d72                HAL_NVIC_SetPriority
 .text.HAL_NVIC_EnableIRQ
                0x08001daa       0x1c ./Drivers/STM32F4xx_HAL_Driver/Src/stm32f4xx_hal_cortex.o
                0x08001daa                HAL_NVIC_EnableIRQ
 .text.HAL_SYSTICK_Config
                0x08001dc6       0x18 ./Drivers/STM32F4xx_HAL_Driver/Src/stm32f4xx_hal_cortex.o
                0x08001dc6                HAL_SYSTICK_Config
 *fill*         0x08001dde        0x2 
 .text.HAL_GPIO_Init
                0x08001de0      0x338 ./Drivers/STM32F4xx_HAL_Driver/Src/stm32f4xx_hal_gpio.o
                0x08001de0                HAL_GPIO_Init
 .text.HAL_GPIO_ReadPin
                0x08002118       0x30 ./Drivers/STM32F4xx_HAL_Driver/Src/stm32f4xx_hal_gpio.o
                0x08002118                HAL_GPIO_ReadPin
 .text.HAL_GPIO_WritePin
                0x08002148       0x32 ./Drivers/STM32F4xx_HAL_Driver/Src/stm32f4xx_hal_gpio.o
                0x08002148                HAL_GPIO_WritePin
 .text.HAL_GPIO_TogglePin
                0x0800217a       0x34 ./Drivers/STM32F4xx_HAL_Driver/Src/stm32f4xx_hal_gpio.o
                0x0800217a                HAL_GPIO_TogglePin
 *fill*         0x080021ae        0x2 
 .text.HAL_I2C_Init
                0x080021b0      0x288 ./Drivers/STM32F4xx_HAL_Driver/Src/stm32f4xx_hal_i2c.o
                0x080021b0                HAL_I2C_Init
 .text.HAL_PCD_Init
                0x08002438      0x21e ./Drivers/STM32F4xx_HAL_Driver/Src/stm32f4xx_hal_pcd.o
                0x08002438                HAL_PCD_Init
 .text.HAL_PCD_IRQHandler
                0x08002656      0x942 ./Drivers/STM32F4xx_HAL_Driver/Src/stm32f4xx_hal_pcd.o
                0x08002656                HAL_PCD_IRQHandler
 .text.HAL_PCD_DataOutStageCallback
                0x08002f98       0x18 ./Drivers/STM32F4xx_HAL_Driver/Src/stm32f4xx_hal_pcd.o
                0x08002f98                HAL_PCD_DataOutStageCallback
 .text.HAL_PCD_DataInStageCallback
                0x08002fb0       0x18 ./Drivers/STM32F4xx_HAL_Driver/Src/stm32f4xx_hal_pcd.o
                0x08002fb0                HAL_PCD_DataInStageCallback
 .text.HAL_PCD_SetupStageCallback
                0x08002fc8       0x14 ./Drivers/STM32F4xx_HAL_Driver/Src/stm32f4xx_hal_pcd.o
                0x08002fc8                HAL_PCD_SetupStageCallback
 .text.HAL_PCD_SOFCallback
                0x08002fdc       0x14 ./Drivers/STM32F4xx_HAL_Driver/Src/stm32f4xx_hal_pcd.o
                0x08002fdc                HAL_PCD_SOFCallback
 .text.HAL_PCD_ResetCallback
                0x08002ff0       0x14 ./Drivers/STM32F4xx_HAL_Driver/Src/stm32f4xx_hal_pcd.o
                0x08002ff0                HAL_PCD_ResetCallback
 .text.HAL_PCD_SuspendCallback
                0x08003004       0x14 ./Drivers/STM32F4xx_HAL_Driver/Src/stm32f4xx_hal_pcd.o
                0x08003004                HAL_PCD_SuspendCallback
 .text.HAL_PCD_ResumeCallback
                0x08003018       0x14 ./Drivers/STM32F4xx_HAL_Driver/Src/stm32f4xx_hal_pcd.o
                0x08003018                HAL_PCD_ResumeCallback
 .text.HAL_PCD_ISOOUTIncompleteCallback
                0x0800302c       0x18 ./Drivers/STM32F4xx_HAL_Driver/Src/stm32f4xx_hal_pcd.o
                0x0800302c                HAL_PCD_ISOOUTIncompleteCallback
 .text.HAL_PCD_ISOINIncompleteCallback
                0x08003044       0x18 ./Drivers/STM32F4xx_HAL_Driver/Src/stm32f4xx_hal_pcd.o
                0x08003044                HAL_PCD_ISOINIncompleteCallback
 .text.HAL_PCD_ConnectCallback
                0x0800305c       0x14 ./Drivers/STM32F4xx_HAL_Driver/Src/stm32f4xx_hal_pcd.o
                0x0800305c                HAL_PCD_ConnectCallback
 .text.HAL_PCD_DisconnectCallback
                0x08003070       0x14 ./Drivers/STM32F4xx_HAL_Driver/Src/stm32f4xx_hal_pcd.o
                0x08003070                HAL_PCD_DisconnectCallback
 .text.HAL_PCD_EP_Abort
                0x08003084       0x62 ./Drivers/STM32F4xx_HAL_Driver/Src/stm32f4xx_hal_pcd.o
                0x08003084                HAL_PCD_EP_Abort
 .text.PCD_WriteEmptyTxFifo
                0x080030e6      0x118 ./Drivers/STM32F4xx_HAL_Driver/Src/stm32f4xx_hal_pcd.o
 *fill*         0x080031fe        0x2 
 .text.PCD_EP_OutXfrComplete_int
                0x08003200      0x1d0 ./Drivers/STM32F4xx_HAL_Driver/Src/stm32f4xx_hal_pcd.o
 .text.PCD_EP_OutSetupPacket_int
                0x080033d0       0x8c ./Drivers/STM32F4xx_HAL_Driver/Src/stm32f4xx_hal_pcd.o
 .text.HAL_PCDEx_LPM_Callback
                0x0800345c       0x18 ./Drivers/STM32F4xx_HAL_Driver/Src/stm32f4xx_hal_pcd_ex.o
                0x0800345c                HAL_PCDEx_LPM_Callback
 .text.HAL_RCC_OscConfig
                0x08003474      0x4f0 ./Drivers/STM32F4xx_HAL_Driver/Src/stm32f4xx_hal_rcc.o
                0x08003474                HAL_RCC_OscConfig
 .text.HAL_RCC_ClockConfig
                0x08003964      0x1cc ./Drivers/STM32F4xx_HAL_Driver/Src/stm32f4xx_hal_rcc.o
                0x08003964                HAL_RCC_ClockConfig
 .text.HAL_RCC_GetSysClockFreq
                0x08003b30      0x20c ./Drivers/STM32F4xx_HAL_Driver/Src/stm32f4xx_hal_rcc.o
                0x08003b30                HAL_RCC_GetSysClockFreq
 .text.HAL_RCC_GetHCLKFreq
                0x08003d3c       0x18 ./Drivers/STM32F4xx_HAL_Driver/Src/stm32f4xx_hal_rcc.o
                0x08003d3c                HAL_RCC_GetHCLKFreq
 .text.HAL_RCC_GetPCLK1Freq
                0x08003d54       0x28 ./Drivers/STM32F4xx_HAL_Driver/Src/stm32f4xx_hal_rcc.o
                0x08003d54                HAL_RCC_GetPCLK1Freq
 .text.HAL_RCC_GetPCLK2Freq
                0x08003d7c       0x28 ./Drivers/STM32F4xx_HAL_Driver/Src/stm32f4xx_hal_rcc.o
                0x08003d7c                HAL_RCC_GetPCLK2Freq
 .text.HAL_SPI_Init
                0x08003da4      0x112 ./Drivers/STM32F4xx_HAL_Driver/Src/stm32f4xx_hal_spi.o
                0x08003da4                HAL_SPI_Init
 .text.HAL_SPI_Transmit
                0x08003eb6      0x288 ./Drivers/STM32F4xx_HAL_Driver/Src/stm32f4xx_hal_spi.o
                0x08003eb6                HAL_SPI_Transmit
 *fill*         0x0800413e        0x2 
 .text.SPI_WaitFlagStateUntilTimeout
                0x08004140      0x110 ./Drivers/STM32F4xx_HAL_Driver/Src/stm32f4xx_hal_spi.o
 .text.SPI_EndRxTxTransaction
                0x08004250       0xa8 ./Drivers/STM32F4xx_HAL_Driver/Src/stm32f4xx_hal_spi.o
 .text.HAL_TIM_Base_Init
                0x080042f8       0x9e ./Drivers/STM32F4xx_HAL_Driver/Src/stm32f4xx_hal_tim.o
                0x080042f8                HAL_TIM_Base_Init
 .text.HAL_TIM_IRQHandler
                0x08004396      0x1e0 ./Drivers/STM32F4xx_HAL_Driver/Src/stm32f4xx_hal_tim.o
                0x08004396                HAL_TIM_IRQHandler
 .text.HAL_TIM_ConfigClockSource
                0x08004576      0x18e ./Drivers/STM32F4xx_HAL_Driver/Src/stm32f4xx_hal_tim.o
                0x08004576                HAL_TIM_ConfigClockSource
 .text.HAL_TIM_OC_DelayElapsedCallback
                0x08004704       0x14 ./Drivers/STM32F4xx_HAL_Driver/Src/stm32f4xx_hal_tim.o
                0x08004704                HAL_TIM_OC_DelayElapsedCallback
 .text.HAL_TIM_IC_CaptureCallback
                0x08004718       0x14 ./Drivers/STM32F4xx_HAL_Driver/Src/stm32f4xx_hal_tim.o
                0x08004718                HAL_TIM_IC_CaptureCallback
 .text.HAL_TIM_PWM_PulseFinishedCallback
                0x0800472c       0x14 ./Drivers/STM32F4xx_HAL_Driver/Src/stm32f4xx_hal_tim.o
                0x0800472c                HAL_TIM_PWM_PulseFinishedCallback
 .text.HAL_TIM_TriggerCallback
                0x08004740       0x14 ./Drivers/STM32F4xx_HAL_Driver/Src/stm32f4xx_hal_tim.o
                0x08004740                HAL_TIM_TriggerCallback
 .text.TIM_Base_SetConfig
                0x08004754      0x14c ./Drivers/STM32F4xx_HAL_Driver/Src/stm32f4xx_hal_tim.o
                0x08004754                TIM_Base_SetConfig
 .text.TIM_TI1_ConfigInputStage
                0x080048a0       0x5e ./Drivers/STM32F4xx_HAL_Driver/Src/stm32f4xx_hal_tim.o
 .text.TIM_TI2_ConfigInputStage
                0x080048fe       0x60 ./Drivers/STM32F4xx_HAL_Driver/Src/stm32f4xx_hal_tim.o
 .text.TIM_ITRx_SetConfig
                0x0800495e       0x36 ./Drivers/STM32F4xx_HAL_Driver/Src/stm32f4xx_hal_tim.o
 .text.TIM_ETR_SetConfig
                0x08004994       0x40 ./Drivers/STM32F4xx_HAL_Driver/Src/stm32f4xx_hal_tim.o
                0x08004994                TIM_ETR_SetConfig
 .text.HAL_TIMEx_MasterConfigSynchronization
                0x080049d4       0xf8 ./Drivers/STM32F4xx_HAL_Driver/Src/stm32f4xx_hal_tim_ex.o
                0x080049d4                HAL_TIMEx_MasterConfigSynchronization
 .text.HAL_TIMEx_CommutCallback
                0x08004acc       0x14 ./Drivers/STM32F4xx_HAL_Driver/Src/stm32f4xx_hal_tim_ex.o
                0x08004acc                HAL_TIMEx_CommutCallback
 .text.HAL_TIMEx_BreakCallback
                0x08004ae0       0x14 ./Drivers/STM32F4xx_HAL_Driver/Src/stm32f4xx_hal_tim_ex.o
                0x08004ae0                HAL_TIMEx_BreakCallback
 .text.HAL_UART_Init
                0x08004af4       0xa0 ./Drivers/STM32F4xx_HAL_Driver/Src/stm32f4xx_hal_uart.o
                0x08004af4                HAL_UART_Init
 .text.HAL_UART_Transmit
                0x08004b94      0x116 ./Drivers/STM32F4xx_HAL_Driver/Src/stm32f4xx_hal_uart.o
                0x08004b94                HAL_UART_Transmit
 .text.UART_WaitOnFlagUntilTimeout
                0x08004caa       0xb2 ./Drivers/STM32F4xx_HAL_Driver/Src/stm32f4xx_hal_uart.o
 .text.UART_EndRxTransfer
                0x08004d5c       0xc6 ./Drivers/STM32F4xx_HAL_Driver/Src/stm32f4xx_hal_uart.o
 *fill*         0x08004e22        0x2 
 .text.UART_SetConfig
                0x08004e24      0x4e8 ./Drivers/STM32F4xx_HAL_Driver/Src/stm32f4xx_hal_uart.o
 .text.USB_CoreInit
                0x0800530c       0xc8 ./Drivers/STM32F4xx_HAL_Driver/Src/stm32f4xx_ll_usb.o
                0x0800530c                USB_CoreInit
 .text.USB_SetTurnaroundTime
                0x080053d4      0x144 ./Drivers/STM32F4xx_HAL_Driver/Src/stm32f4xx_ll_usb.o
                0x080053d4                USB_SetTurnaroundTime
 .text.USB_DisableGlobalInt
                0x08005518       0x22 ./Drivers/STM32F4xx_HAL_Driver/Src/stm32f4xx_ll_usb.o
                0x08005518                USB_DisableGlobalInt
 .text.USB_SetCurrentMode
                0x0800553a       0x98 ./Drivers/STM32F4xx_HAL_Driver/Src/stm32f4xx_ll_usb.o
                0x0800553a                USB_SetCurrentMode
 *fill*         0x080055d2        0x2 
 .text.USB_DevInit
                0x080055d4      0x2c8 ./Drivers/STM32F4xx_HAL_Driver/Src/stm32f4xx_ll_usb.o
                0x080055d4                USB_DevInit
 .text.USB_FlushTxFifo
                0x0800589c       0x64 ./Drivers/STM32F4xx_HAL_Driver/Src/stm32f4xx_ll_usb.o
                0x0800589c                USB_FlushTxFifo
 .text.USB_FlushRxFifo
                0x08005900       0x5c ./Drivers/STM32F4xx_HAL_Driver/Src/stm32f4xx_ll_usb.o
                0x08005900                USB_FlushRxFifo
 .text.USB_SetDevSpeed
                0x0800595c       0x32 ./Drivers/STM32F4xx_HAL_Driver/Src/stm32f4xx_ll_usb.o
                0x0800595c                USB_SetDevSpeed
 .text.USB_GetDevSpeed
                0x0800598e       0x4a ./Drivers/STM32F4xx_HAL_Driver/Src/stm32f4xx_ll_usb.o
                0x0800598e                USB_GetDevSpeed
 .text.USB_EPStopXfer
                0x080059d8      0x154 ./Drivers/STM32F4xx_HAL_Driver/Src/stm32f4xx_ll_usb.o
                0x080059d8                USB_EPStopXfer
 .text.USB_WritePacket
                0x08005b2c       0x7c ./Drivers/STM32F4xx_HAL_Driver/Src/stm32f4xx_ll_usb.o
                0x08005b2c                USB_WritePacket
 .text.USB_ReadPacket
                0x08005ba8       0xb0 ./Drivers/STM32F4xx_HAL_Driver/Src/stm32f4xx_ll_usb.o
                0x08005ba8                USB_ReadPacket
 .text.USB_DevDisconnect
                0x08005c58       0x42 ./Drivers/STM32F4xx_HAL_Driver/Src/stm32f4xx_ll_usb.o
                0x08005c58                USB_DevDisconnect
 .text.USB_ReadInterrupts
                0x08005c9a       0x26 ./Drivers/STM32F4xx_HAL_Driver/Src/stm32f4xx_ll_usb.o
                0x08005c9a                USB_ReadInterrupts
 .text.USB_ReadDevAllOutEpInterrupt
                0x08005cc0       0x34 ./Drivers/STM32F4xx_HAL_Driver/Src/stm32f4xx_ll_usb.o
                0x08005cc0                USB_ReadDevAllOutEpInterrupt
 .text.USB_ReadDevAllInEpInterrupt
                0x08005cf4       0x34 ./Drivers/STM32F4xx_HAL_Driver/Src/stm32f4xx_ll_usb.o
                0x08005cf4                USB_ReadDevAllInEpInterrupt
 .text.USB_ReadDevOutEPInterrupt
                0x08005d28       0x3c ./Drivers/STM32F4xx_HAL_Driver/Src/stm32f4xx_ll_usb.o
                0x08005d28                USB_ReadDevOutEPInterrupt
 .text.USB_ReadDevInEPInterrupt
                0x08005d64       0x5c ./Drivers/STM32F4xx_HAL_Driver/Src/stm32f4xx_ll_usb.o
                0x08005d64                USB_ReadDevInEPInterrupt
 .text.USB_GetMode
                0x08005dc0       0x1c ./Drivers/STM32F4xx_HAL_Driver/Src/stm32f4xx_ll_usb.o
                0x08005dc0                USB_GetMode
 .text.USB_ActivateSetup
                0x08005ddc       0x46 ./Drivers/STM32F4xx_HAL_Driver/Src/stm32f4xx_ll_usb.o
                0x08005ddc                USB_ActivateSetup
 *fill*         0x08005e22        0x2 
 .text.USB_EP0_OutStart
                0x08005e24       0xbc ./Drivers/STM32F4xx_HAL_Driver/Src/stm32f4xx_ll_usb.o
                0x08005e24                USB_EP0_OutStart
 .text.USB_CoreReset
                0x08005ee0       0x70 ./Drivers/STM32F4xx_HAL_Driver/Src/stm32f4xx_ll_usb.o
 .text.malloc   0x08005f50       0x10 C:/ST/STM32CubeIDE_1.18.1/STM32CubeIDE/plugins/com.st.stm32cube.ide.mcu.externaltools.gnu-tools-for-stm32.13.3.rel1.win32_1.0.0.202411081344/tools/bin/../lib/gcc/arm-none-eabi/13.3.1/../../../../arm-none-eabi/lib/thumb/v7e-m+fp/hard\libc_nano.a(libc_a-malloc.o)
                0x08005f50                malloc
 .text.sbrk_aligned
                0x08005f60       0x44 C:/ST/STM32CubeIDE_1.18.1/STM32CubeIDE/plugins/com.st.stm32cube.ide.mcu.externaltools.gnu-tools-for-stm32.13.3.rel1.win32_1.0.0.202411081344/tools/bin/../lib/gcc/arm-none-eabi/13.3.1/../../../../arm-none-eabi/lib/thumb/v7e-m+fp/hard\libc_nano.a(libc_a-mallocr.o)
 .text._malloc_r
                0x08005fa4      0x100 C:/ST/STM32CubeIDE_1.18.1/STM32CubeIDE/plugins/com.st.stm32cube.ide.mcu.externaltools.gnu-tools-for-stm32.13.3.rel1.win32_1.0.0.202411081344/tools/bin/../lib/gcc/arm-none-eabi/13.3.1/../../../../arm-none-eabi/lib/thumb/v7e-m+fp/hard\libc_nano.a(libc_a-mallocr.o)
                0x08005fa4                _malloc_r
 .text.__malloc_lock
                0x080060a4        0xc C:/ST/STM32CubeIDE_1.18.1/STM32CubeIDE/plugins/com.st.stm32cube.ide.mcu.externaltools.gnu-tools-for-stm32.13.3.rel1.win32_1.0.0.202411081344/tools/bin/../lib/gcc/arm-none-eabi/13.3.1/../../../../arm-none-eabi/lib/thumb/v7e-m+fp/hard\libc_nano.a(libc_a-mlock.o)
                0x080060a4                __malloc_lock
 .text.__malloc_unlock
                0x080060b0        0xc C:/ST/STM32CubeIDE_1.18.1/STM32CubeIDE/plugins/com.st.stm32cube.ide.mcu.externaltools.gnu-tools-for-stm32.13.3.rel1.win32_1.0.0.202411081344/tools/bin/../lib/gcc/arm-none-eabi/13.3.1/../../../../arm-none-eabi/lib/thumb/v7e-m+fp/hard\libc_nano.a(libc_a-mlock.o)
                0x080060b0                __malloc_unlock
 .text.sprintf  0x080060bc       0x44 C:/ST/STM32CubeIDE_1.18.1/STM32CubeIDE/plugins/com.st.stm32cube.ide.mcu.externaltools.gnu-tools-for-stm32.13.3.rel1.win32_1.0.0.202411081344/tools/bin/../lib/gcc/arm-none-eabi/13.3.1/../../../../arm-none-eabi/lib/thumb/v7e-m+fp/hard\libc_nano.a(libc_a-sprintf.o)
                0x080060bc                siprintf
                0x080060bc                sprintf
 .text.memset   0x08006100       0x10 C:/ST/STM32CubeIDE_1.18.1/STM32CubeIDE/plugins/com.st.stm32cube.ide.mcu.externaltools.gnu-tools-for-stm32.13.3.rel1.win32_1.0.0.202411081344/tools/bin/../lib/gcc/arm-none-eabi/13.3.1/../../../../arm-none-eabi/lib/thumb/v7e-m+fp/hard\libc_nano.a(libc_a-memset.o)
                0x08006100                memset
 .text._sbrk_r  0x08006110       0x20 C:/ST/STM32CubeIDE_1.18.1/STM32CubeIDE/plugins/com.st.stm32cube.ide.mcu.externaltools.gnu-tools-for-stm32.13.3.rel1.win32_1.0.0.202411081344/tools/bin/../lib/gcc/arm-none-eabi/13.3.1/../../../../arm-none-eabi/lib/thumb/v7e-m+fp/hard\libc_nano.a(libc_a-sbrkr.o)
                0x08006110                _sbrk_r
 .text.__errno  0x08006130        0xc C:/ST/STM32CubeIDE_1.18.1/STM32CubeIDE/plugins/com.st.stm32cube.ide.mcu.externaltools.gnu-tools-for-stm32.13.3.rel1.win32_1.0.0.202411081344/tools/bin/../lib/gcc/arm-none-eabi/13.3.1/../../../../arm-none-eabi/lib/thumb/v7e-m+fp/hard\libc_nano.a(libc_a-errno.o)
                0x08006130                __errno
 .text.__libc_init_array
                0x0800613c       0x48 C:/ST/STM32CubeIDE_1.18.1/STM32CubeIDE/plugins/com.st.stm32cube.ide.mcu.externaltools.gnu-tools-for-stm32.13.3.rel1.win32_1.0.0.202411081344/tools/bin/../lib/gcc/arm-none-eabi/13.3.1/../../../../arm-none-eabi/lib/thumb/v7e-m+fp/hard\libc_nano.a(libc_a-init.o)
                0x0800613c                __libc_init_array
 .text.__retarget_lock_acquire_recursive
                0x08006184        0x2 C:/ST/STM32CubeIDE_1.18.1/STM32CubeIDE/plugins/com.st.stm32cube.ide.mcu.externaltools.gnu-tools-for-stm32.13.3.rel1.win32_1.0.0.202411081344/tools/bin/../lib/gcc/arm-none-eabi/13.3.1/../../../../arm-none-eabi/lib/thumb/v7e-m+fp/hard\libc_nano.a(libc_a-lock.o)
                0x08006184                __retarget_lock_acquire_recursive
 .text.__retarget_lock_release_recursive
                0x08006186        0x2 C:/ST/STM32CubeIDE_1.18.1/STM32CubeIDE/plugins/com.st.stm32cube.ide.mcu.externaltools.gnu-tools-for-stm32.13.3.rel1.win32_1.0.0.202411081344/tools/bin/../lib/gcc/arm-none-eabi/13.3.1/../../../../arm-none-eabi/lib/thumb/v7e-m+fp/hard\libc_nano.a(libc_a-lock.o)
                0x08006186                __retarget_lock_release_recursive
 .text._free_r  0x08006188       0x94 C:/ST/STM32CubeIDE_1.18.1/STM32CubeIDE/plugins/com.st.stm32cube.ide.mcu.externaltools.gnu-tools-for-stm32.13.3.rel1.win32_1.0.0.202411081344/tools/bin/../lib/gcc/arm-none-eabi/13.3.1/../../../../arm-none-eabi/lib/thumb/v7e-m+fp/hard\libc_nano.a(libc_a-freer.o)
                0x08006188                _free_r
 .text.__ssputs_r
                0x0800621c       0xb6 C:/ST/STM32CubeIDE_1.18.1/STM32CubeIDE/plugins/com.st.stm32cube.ide.mcu.externaltools.gnu-tools-for-stm32.13.3.rel1.win32_1.0.0.202411081344/tools/bin/../lib/gcc/arm-none-eabi/13.3.1/../../../../arm-none-eabi/lib/thumb/v7e-m+fp/hard\libc_nano.a(libc_a-nano-svfprintf.o)
                0x0800621c                __ssputs_r
 *fill*         0x080062d2        0x2 
 .text._svfprintf_r
                0x080062d4      0x1f8 C:/ST/STM32CubeIDE_1.18.1/STM32CubeIDE/plugins/com.st.stm32cube.ide.mcu.externaltools.gnu-tools-for-stm32.13.3.rel1.win32_1.0.0.202411081344/tools/bin/../lib/gcc/arm-none-eabi/13.3.1/../../../../arm-none-eabi/lib/thumb/v7e-m+fp/hard\libc_nano.a(libc_a-nano-svfprintf.o)
                0x080062d4                _svfiprintf_r
                0x080062d4                _svfprintf_r
 .text._printf_common
                0x080064cc       0xda C:/ST/STM32CubeIDE_1.18.1/STM32CubeIDE/plugins/com.st.stm32cube.ide.mcu.externaltools.gnu-tools-for-stm32.13.3.rel1.win32_1.0.0.202411081344/tools/bin/../lib/gcc/arm-none-eabi/13.3.1/../../../../arm-none-eabi/lib/thumb/v7e-m+fp/hard\libc_nano.a(libc_a-nano-vfprintf_i.o)
                0x080064cc                _printf_common
 *fill*         0x080065a6        0x2 
 .text._printf_i
                0x080065a8      0x23c C:/ST/STM32CubeIDE_1.18.1/STM32CubeIDE/plugins/com.st.stm32cube.ide.mcu.externaltools.gnu-tools-for-stm32.13.3.rel1.win32_1.0.0.202411081344/tools/bin/../lib/gcc/arm-none-eabi/13.3.1/../../../../arm-none-eabi/lib/thumb/v7e-m+fp/hard\libc_nano.a(libc_a-nano-vfprintf_i.o)
                0x080065a8                _printf_i
 .text.memmove  0x080067e4       0x34 C:/ST/STM32CubeIDE_1.18.1/STM32CubeIDE/plugins/com.st.stm32cube.ide.mcu.externaltools.gnu-tools-for-stm32.13.3.rel1.win32_1.0.0.202411081344/tools/bin/../lib/gcc/arm-none-eabi/13.3.1/../../../../arm-none-eabi/lib/thumb/v7e-m+fp/hard\libc_nano.a(libc_a-memmove.o)
                0x080067e4                memmove
 .text.memcpy   0x08006818       0x1c C:/ST/STM32CubeIDE_1.18.1/STM32CubeIDE/plugins/com.st.stm32cube.ide.mcu.externaltools.gnu-tools-for-stm32.13.3.rel1.win32_1.0.0.202411081344/tools/bin/../lib/gcc/arm-none-eabi/13.3.1/../../../../arm-none-eabi/lib/thumb/v7e-m+fp/hard\libc_nano.a(libc_a-memcpy-stub.o)
                0x08006818                memcpy
 .text._realloc_r
                0x08006834       0x5c C:/ST/STM32CubeIDE_1.18.1/STM32CubeIDE/plugins/com.st.stm32cube.ide.mcu.externaltools.gnu-tools-for-stm32.13.3.rel1.win32_1.0.0.202411081344/tools/bin/../lib/gcc/arm-none-eabi/13.3.1/../../../../arm-none-eabi/lib/thumb/v7e-m+fp/hard\libc_nano.a(libc_a-reallocr.o)
                0x08006834                _realloc_r
 .text._malloc_usable_size_r
                0x08006890       0x10 C:/ST/STM32CubeIDE_1.18.1/STM32CubeIDE/plugins/com.st.stm32cube.ide.mcu.externaltools.gnu-tools-for-stm32.13.3.rel1.win32_1.0.0.202411081344/tools/bin/../lib/gcc/arm-none-eabi/13.3.1/../../../../arm-none-eabi/lib/thumb/v7e-m+fp/hard\libc_nano.a(libc_a-msizer.o)
                0x08006890                _malloc_usable_size_r
 *(.glue_7)
 .glue_7        0x080068a0        0x0 linker stubs
 *(.glue_7t)
 .glue_7t       0x080068a0        0x0 linker stubs
 *(.eh_frame)
 .eh_frame      0x080068a0        0x0 C:/ST/STM32CubeIDE_1.18.1/STM32CubeIDE/plugins/com.st.stm32cube.ide.mcu.externaltools.gnu-tools-for-stm32.13.3.rel1.win32_1.0.0.202411081344/tools/bin/../lib/gcc/arm-none-eabi/13.3.1/thumb/v7e-m+fp/hard/crtbegin.o
 *(.init)
 .init          0x080068a0        0x4 C:/ST/STM32CubeIDE_1.18.1/STM32CubeIDE/plugins/com.st.stm32cube.ide.mcu.externaltools.gnu-tools-for-stm32.13.3.rel1.win32_1.0.0.202411081344/tools/bin/../lib/gcc/arm-none-eabi/13.3.1/thumb/v7e-m+fp/hard/crti.o
                0x080068a0                _init
 .init          0x080068a4        0x8 C:/ST/STM32CubeIDE_1.18.1/STM32CubeIDE/plugins/com.st.stm32cube.ide.mcu.externaltools.gnu-tools-for-stm32.13.3.rel1.win32_1.0.0.202411081344/tools/bin/../lib/gcc/arm-none-eabi/13.3.1/thumb/v7e-m+fp/hard/crtn.o
 *(.fini)
 .fini          0x080068ac        0x4 C:/ST/STM32CubeIDE_1.18.1/STM32CubeIDE/plugins/com.st.stm32cube.ide.mcu.externaltools.gnu-tools-for-stm32.13.3.rel1.win32_1.0.0.202411081344/tools/bin/../lib/gcc/arm-none-eabi/13.3.1/thumb/v7e-m+fp/hard/crti.o
                0x080068ac                _fini
 .fini          0x080068b0        0x8 C:/ST/STM32CubeIDE_1.18.1/STM32CubeIDE/plugins/com.st.stm32cube.ide.mcu.externaltools.gnu-tools-for-stm32.13.3.rel1.win32_1.0.0.202411081344/tools/bin/../lib/gcc/arm-none-eabi/13.3.1/thumb/v7e-m+fp/hard/crtn.o
                0x080068b8                        . = ALIGN (0x4)
                0x080068b8                        _etext = .

.vfp11_veneer   0x080068b8        0x0
 .vfp11_veneer  0x080068b8        0x0 linker stubs

.v4_bx          0x080068b8        0x0
 .v4_bx         0x080068b8        0x0 linker stubs

.iplt           0x080068b8        0x0
 .iplt          0x080068b8        0x0 C:/ST/STM32CubeIDE_1.18.1/STM32CubeIDE/plugins/com.st.stm32cube.ide.mcu.externaltools.gnu-tools-for-stm32.13.3.rel1.win32_1.0.0.202411081344/tools/bin/../lib/gcc/arm-none-eabi/13.3.1/thumb/v7e-m+fp/hard/crtbegin.o

.rodata         0x080068b8     0x2bc0
                0x080068b8                        . = ALIGN (0x4)
 *(.rodata)
 .rodata        0x080068b8       0x39 ./Core/Src/main.o
 *(.rodata*)
 *fill*         0x080068f1        0x3 
 .rodata.EPD_3IN52_lut_R20_GC
                0x080068f4       0x38 ./Core/Src/EPD_352_Interface.o
 .rodata.EPD_3IN52_lut_R21_GC
                0x0800692c       0x2a ./Core/Src/EPD_352_Interface.o
 *fill*         0x08006956        0x2 
 .rodata.EPD_3IN52_lut_R22_GC
                0x08006958       0x38 ./Core/Src/EPD_352_Interface.o
 .rodata.EPD_3IN52_lut_R23_GC
                0x08006990       0x38 ./Core/Src/EPD_352_Interface.o
 .rodata.EPD_3IN52_lut_R24_GC
                0x080069c8       0x2a ./Core/Src/EPD_352_Interface.o
 *fill*         0x080069f2        0x2 
 .rodata.gImage_Didou
                0x080069f4     0x2a36 ./Core/Src/ImageData.o
                0x080069f4                gImage_Didou
 *fill*         0x0800942a        0x2 
 .rodata.AHBPrescTable
                0x0800942c       0x10 ./Core/Src/system_stm32f4xx.o
                0x0800942c                AHBPrescTable
 .rodata.APBPrescTable
                0x0800943c        0x8 ./Core/Src/system_stm32f4xx.o
                0x0800943c                APBPrescTable
 .rodata._svfprintf_r.str1.1
                0x08009444       0x33 C:/ST/STM32CubeIDE_1.18.1/STM32CubeIDE/plugins/com.st.stm32cube.ide.mcu.externaltools.gnu-tools-for-stm32.13.3.rel1.win32_1.0.0.202411081344/tools/bin/../lib/gcc/arm-none-eabi/13.3.1/../../../../arm-none-eabi/lib/thumb/v7e-m+fp/hard\libc_nano.a(libc_a-nano-svfprintf.o)
                                 0x11 (size before relaxing)
 .rodata._printf_i.str1.1
                0x08009477       0x22 C:/ST/STM32CubeIDE_1.18.1/STM32CubeIDE/plugins/com.st.stm32cube.ide.mcu.externaltools.gnu-tools-for-stm32.13.3.rel1.win32_1.0.0.202411081344/tools/bin/../lib/gcc/arm-none-eabi/13.3.1/../../../../arm-none-eabi/lib/thumb/v7e-m+fp/hard\libc_nano.a(libc_a-nano-vfprintf_i.o)
                0x0800949c                        . = ALIGN (0x4)
 *fill*         0x08009477        0x1 

.ARM.extab      0x08009478        0x0
                0x08009478                        . = ALIGN (0x4)
 *(.ARM.extab* .gnu.linkonce.armextab.*)
                0x08009478                        . = ALIGN (0x4)

.ARM            0x08009478        0x8
                0x08009478                        . = ALIGN (0x4)
                0x08009478                        __exidx_start = .
 *(.ARM.exidx*)
 .ARM.exidx     0x08009478        0x8 C:/ST/STM32CubeIDE_1.18.1/STM32CubeIDE/plugins/com.st.stm32cube.ide.mcu.externaltools.gnu-tools-for-stm32.13.3.rel1.win32_1.0.0.202411081344/tools/bin/../lib/gcc/arm-none-eabi/13.3.1/../../../../arm-none-eabi/lib/thumb/v7e-m+fp/hard\libc_nano.a(libc_a-memchr.o)
 .ARM.exidx     0x08009480        0x0 C:/ST/STM32CubeIDE_1.18.1/STM32CubeIDE/plugins/com.st.stm32cube.ide.mcu.externaltools.gnu-tools-for-stm32.13.3.rel1.win32_1.0.0.202411081344/tools/bin/../lib/gcc/arm-none-eabi/13.3.1/thumb/v7e-m+fp/hard\libgcc.a(_udivmoddi4.o)
                                  0x8 (size before relaxing)
                0x08009480                        __exidx_end = .
                0x08009480                        . = ALIGN (0x4)

.preinit_array  0x08009480        0x0
                0x08009480                        . = ALIGN (0x4)
                0x08009480                        PROVIDE (__preinit_array_start = .)
 *(.preinit_array*)
                0x08009480                        PROVIDE (__preinit_array_end = .)
                0x08009480                        . = ALIGN (0x4)

.init_array     0x08009480        0x4
                0x08009480                        . = ALIGN (0x4)
                0x08009480                        PROVIDE (__init_array_start = .)
 *(SORT_BY_NAME(.init_array.*))
 *(.init_array*)
 .init_array    0x08009480        0x4 C:/ST/STM32CubeIDE_1.18.1/STM32CubeIDE/plugins/com.st.stm32cube.ide.mcu.externaltools.gnu-tools-for-stm32.13.3.rel1.win32_1.0.0.202411081344/tools/bin/../lib/gcc/arm-none-eabi/13.3.1/thumb/v7e-m+fp/hard/crtbegin.o
                0x08009484                        PROVIDE (__init_array_end = .)
                0x08009484                        . = ALIGN (0x4)

.fini_array     0x08009484        0x4
                0x08009484                        . = ALIGN (0x4)
                [!provide]                        PROVIDE (__fini_array_start = .)
 *(SORT_BY_NAME(.fini_array.*))
 *(.fini_array*)
 .fini_array    0x08009484        0x4 C:/ST/STM32CubeIDE_1.18.1/STM32CubeIDE/plugins/com.st.stm32cube.ide.mcu.externaltools.gnu-tools-for-stm32.13.3.rel1.win32_1.0.0.202411081344/tools/bin/../lib/gcc/arm-none-eabi/13.3.1/thumb/v7e-m+fp/hard/crtbegin.o
                [!provide]                        PROVIDE (__fini_array_end = .)
                0x08009488                        . = ALIGN (0x4)
                0x08009488                        _sidata = LOADADDR (.data)

.rel.dyn        0x08009488        0x0
 .rel.iplt      0x08009488        0x0 C:/ST/STM32CubeIDE_1.18.1/STM32CubeIDE/plugins/com.st.stm32cube.ide.mcu.externaltools.gnu-tools-for-stm32.13.3.rel1.win32_1.0.0.202411081344/tools/bin/../lib/gcc/arm-none-eabi/13.3.1/thumb/v7e-m+fp/hard/crtbegin.o

.data           0x20000000       0x5c load address 0x08009488
                0x20000000                        . = ALIGN (0x4)
                0x20000000                        _sdata = .
 *(.data)
 *(.data*)
 .data.SystemCoreClock
                0x20000000        0x4 ./Core/Src/system_stm32f4xx.o
                0x20000000                SystemCoreClock
 .data.uwTickPrio
                0x20000004        0x4 ./Drivers/STM32F4xx_HAL_Driver/Src/stm32f4xx_hal.o
                0x20000004                uwTickPrio
 .data.uwTickFreq
                0x20000008        0x1 ./Drivers/STM32F4xx_HAL_Driver/Src/stm32f4xx_hal.o
                0x20000008                uwTickFreq
 *fill*         0x20000009        0x3 
 .data._impure_ptr
                0x2000000c        0x4 C:/ST/STM32CubeIDE_1.18.1/STM32CubeIDE/plugins/com.st.stm32cube.ide.mcu.externaltools.gnu-tools-for-stm32.13.3.rel1.win32_1.0.0.202411081344/tools/bin/../lib/gcc/arm-none-eabi/13.3.1/../../../../arm-none-eabi/lib/thumb/v7e-m+fp/hard\libc_nano.a(libc_a-impure.o)
                0x2000000c                _impure_ptr
 .data._impure_data
                0x20000010       0x4c C:/ST/STM32CubeIDE_1.18.1/STM32CubeIDE/plugins/com.st.stm32cube.ide.mcu.externaltools.gnu-tools-for-stm32.13.3.rel1.win32_1.0.0.202411081344/tools/bin/../lib/gcc/arm-none-eabi/13.3.1/../../../../arm-none-eabi/lib/thumb/v7e-m+fp/hard\libc_nano.a(libc_a-impure.o)
                0x20000010                _impure_data
 *(.RamFunc)
 *(.RamFunc*)
                0x2000005c                        . = ALIGN (0x4)
                0x2000005c                        _edata = .
                0x080094e4                        _siccmram = LOADADDR (.ccmram)

.igot.plt       0x2000005c        0x0 load address 0x080094e4
 .igot.plt      0x2000005c        0x0 C:/ST/STM32CubeIDE_1.18.1/STM32CubeIDE/plugins/com.st.stm32cube.ide.mcu.externaltools.gnu-tools-for-stm32.13.3.rel1.win32_1.0.0.202411081344/tools/bin/../lib/gcc/arm-none-eabi/13.3.1/thumb/v7e-m+fp/hard/crtbegin.o

.ccmram         0x10000000        0x0 load address 0x080094e4
                0x10000000                        . = ALIGN (0x4)
                0x10000000                        _sccmram = .
 *(.ccmram)
 *(.ccmram*)
                0x10000000                        . = ALIGN (0x4)
                0x10000000                        _eccmram = .
                0x10000000                        . = ALIGN (0x4)

.bss            0x2000005c      0x850
                0x2000005c                        _sbss = .
                0x2000005c                        __bss_start__ = _sbss
 *(.bss)
 .bss           0x2000005c       0x1c C:/ST/STM32CubeIDE_1.18.1/STM32CubeIDE/plugins/com.st.stm32cube.ide.mcu.externaltools.gnu-tools-for-stm32.13.3.rel1.win32_1.0.0.202411081344/tools/bin/../lib/gcc/arm-none-eabi/13.3.1/thumb/v7e-m+fp/hard/crtbegin.o
 *(.bss*)
 .bss.interfaceB1
                0x20000078        0x3 ./Core/Interfaces/interfaceB1.o
                0x20000078                interfaceB1
 *fill*         0x2000007b        0x1 
 .bss.piloteTimer6Up_execute
                0x2000007c        0x4 ./Core/Pilotes/PïloteTimer6Up.o
                0x2000007c                piloteTimer6Up_execute
 .bss.EPD_352_FLAG
                0x20000080        0x1 ./Core/Src/EPD_352_Interface.o
                0x20000080                EPD_352_FLAG
 *fill*         0x20000081        0x3 
 .bss.Paint     0x20000084       0x18 ./Core/Src/GUI_Paint.o
                0x20000084                Paint
 .bss.hi2c1     0x2000009c       0x54 ./Core/Src/main.o
                0x2000009c                hi2c1
 .bss.hspi1     0x200000f0       0x58 ./Core/Src/main.o
                0x200000f0                hspi1
 .bss.hspi2     0x20000148       0x58 ./Core/Src/main.o
                0x20000148                hspi2
 .bss.htim3     0x200001a0       0x48 ./Core/Src/main.o
                0x200001a0                htim3
 .bss.htim6     0x200001e8       0x48 ./Core/Src/main.o
                0x200001e8                htim6
 .bss.huart2    0x20000230       0x48 ./Core/Src/main.o
                0x20000230                huart2
 .bss.hpcd_USB_OTG_FS
                0x20000278      0x4e4 ./Core/Src/main.o
                0x20000278                hpcd_USB_OTG_FS
 .bss.__sbrk_heap_end
                0x2000075c        0x4 ./Core/Src/sysmem.o
 .bss.uwTick    0x20000760        0x4 ./Drivers/STM32F4xx_HAL_Driver/Src/stm32f4xx_hal.o
                0x20000760                uwTick
 .bss.__malloc_sbrk_start
                0x20000764        0x4 C:/ST/STM32CubeIDE_1.18.1/STM32CubeIDE/plugins/com.st.stm32cube.ide.mcu.externaltools.gnu-tools-for-stm32.13.3.rel1.win32_1.0.0.202411081344/tools/bin/../lib/gcc/arm-none-eabi/13.3.1/../../../../arm-none-eabi/lib/thumb/v7e-m+fp/hard\libc_nano.a(libc_a-mallocr.o)
                0x20000764                __malloc_sbrk_start
 .bss.__malloc_free_list
                0x20000768        0x4 C:/ST/STM32CubeIDE_1.18.1/STM32CubeIDE/plugins/com.st.stm32cube.ide.mcu.externaltools.gnu-tools-for-stm32.13.3.rel1.win32_1.0.0.202411081344/tools/bin/../lib/gcc/arm-none-eabi/13.3.1/../../../../arm-none-eabi/lib/thumb/v7e-m+fp/hard\libc_nano.a(libc_a-mallocr.o)
                0x20000768                __malloc_free_list
 .bss.__sf      0x2000076c      0x138 C:/ST/STM32CubeIDE_1.18.1/STM32CubeIDE/plugins/com.st.stm32cube.ide.mcu.externaltools.gnu-tools-for-stm32.13.3.rel1.win32_1.0.0.202411081344/tools/bin/../lib/gcc/arm-none-eabi/13.3.1/../../../../arm-none-eabi/lib/thumb/v7e-m+fp/hard\libc_nano.a(libc_a-findfp.o)
                0x2000076c                __sf
 .bss.errno     0x200008a4        0x4 C:/ST/STM32CubeIDE_1.18.1/STM32CubeIDE/plugins/com.st.stm32cube.ide.mcu.externaltools.gnu-tools-for-stm32.13.3.rel1.win32_1.0.0.202411081344/tools/bin/../lib/gcc/arm-none-eabi/13.3.1/../../../../arm-none-eabi/lib/thumb/v7e-m+fp/hard\libc_nano.a(libc_a-reent.o)
                0x200008a4                errno
 .bss.__lock___malloc_recursive_mutex
                0x200008a8        0x1 C:/ST/STM32CubeIDE_1.18.1/STM32CubeIDE/plugins/com.st.stm32cube.ide.mcu.externaltools.gnu-tools-for-stm32.13.3.rel1.win32_1.0.0.202411081344/tools/bin/../lib/gcc/arm-none-eabi/13.3.1/../../../../arm-none-eabi/lib/thumb/v7e-m+fp/hard\libc_nano.a(libc_a-lock.o)
                0x200008a8                __lock___malloc_recursive_mutex
 *(COMMON)
                0x200008ac                        . = ALIGN (0x4)
 *fill*         0x200008a9        0x3 
                0x200008ac                        _ebss = .
                0x200008ac                        __bss_end__ = _ebss

._user_heap_stack
                0x200008ac     0x6004
                0x200008b0                        . = ALIGN (0x8)
 *fill*         0x200008ac        0x4 
                [!provide]                        PROVIDE (end = .)
                0x200008b0                        PROVIDE (_end = .)
                0x200028b0                        . = (. + _Min_Heap_Size)
 *fill*         0x200008b0     0x2000 
                0x200068b0                        . = (. + _Min_Stack_Size)
 *fill*         0x200028b0     0x4000 
                0x200068b0                        . = ALIGN (0x8)

/DISCARD/
 libc.a(*)
 libm.a(*)
 libgcc.a(*)

.ARM.attributes
                0x00000000       0x30
 *(.ARM.attributes)
 .ARM.attributes
                0x00000000       0x22 C:/ST/STM32CubeIDE_1.18.1/STM32CubeIDE/plugins/com.st.stm32cube.ide.mcu.externaltools.gnu-tools-for-stm32.13.3.rel1.win32_1.0.0.202411081344/tools/bin/../lib/gcc/arm-none-eabi/13.3.1/thumb/v7e-m+fp/hard/crti.o
 .ARM.attributes
                0x00000022       0x34 C:/ST/STM32CubeIDE_1.18.1/STM32CubeIDE/plugins/com.st.stm32cube.ide.mcu.externaltools.gnu-tools-for-stm32.13.3.rel1.win32_1.0.0.202411081344/tools/bin/../lib/gcc/arm-none-eabi/13.3.1/thumb/v7e-m+fp/hard/crtbegin.o
 .ARM.attributes
                0x00000056       0x34 ./Core/Interfaces/interfaceB1.o
 .ARM.attributes
                0x0000008a       0x34 ./Core/Interfaces/interfaceT1.o
 .ARM.attributes
                0x000000be       0x34 ./Core/Pilotes/PiloteIO_SPI_EPAPER.o
 .ARM.attributes
                0x000000f2       0x34 ./Core/Pilotes/PïloteTimer6Up.o
 .ARM.attributes
                0x00000126       0x34 ./Core/Pilotes/piloteIOT1.o
 .ARM.attributes
                0x0000015a       0x34 ./Core/Src/EPD_352_Interface.o
 .ARM.attributes
                0x0000018e       0x34 ./Core/Src/GUI_Paint.o
 .ARM.attributes
                0x000001c2       0x34 ./Core/Src/ImageData.o
 .ARM.attributes
                0x000001f6       0x34 ./Core/Src/main.o
 .ARM.attributes
                0x0000022a       0x34 ./Core/Src/stm32f4xx_hal_msp.o
 .ARM.attributes
                0x0000025e       0x34 ./Core/Src/stm32f4xx_it.o
 .ARM.attributes
                0x00000292       0x34 ./Core/Src/sysmem.o
 .ARM.attributes
                0x000002c6       0x34 ./Core/Src/system_stm32f4xx.o
 .ARM.attributes
                0x000002fa       0x21 ./Core/Startup/startup_stm32f407vgtx.o
 .ARM.attributes
                0x0000031b       0x34 ./Drivers/STM32F4xx_HAL_Driver/Src/stm32f4xx_hal.o
 .ARM.attributes
                0x0000034f       0x34 ./Drivers/STM32F4xx_HAL_Driver/Src/stm32f4xx_hal_cortex.o
 .ARM.attributes
                0x00000383       0x34 ./Drivers/STM32F4xx_HAL_Driver/Src/stm32f4xx_hal_gpio.o
 .ARM.attributes
                0x000003b7       0x34 ./Drivers/STM32F4xx_HAL_Driver/Src/stm32f4xx_hal_i2c.o
 .ARM.attributes
                0x000003eb       0x34 ./Drivers/STM32F4xx_HAL_Driver/Src/stm32f4xx_hal_pcd.o
 .ARM.attributes
                0x0000041f       0x34 ./Drivers/STM32F4xx_HAL_Driver/Src/stm32f4xx_hal_pcd_ex.o
 .ARM.attributes
                0x00000453       0x34 ./Drivers/STM32F4xx_HAL_Driver/Src/stm32f4xx_hal_rcc.o
 .ARM.attributes
                0x00000487       0x34 ./Drivers/STM32F4xx_HAL_Driver/Src/stm32f4xx_hal_spi.o
 .ARM.attributes
                0x000004bb       0x34 ./Drivers/STM32F4xx_HAL_Driver/Src/stm32f4xx_hal_tim.o
 .ARM.attributes
                0x000004ef       0x34 ./Drivers/STM32F4xx_HAL_Driver/Src/stm32f4xx_hal_tim_ex.o
 .ARM.attributes
                0x00000523       0x34 ./Drivers/STM32F4xx_HAL_Driver/Src/stm32f4xx_hal_uart.o
 .ARM.attributes
                0x00000557       0x34 ./Drivers/STM32F4xx_HAL_Driver/Src/stm32f4xx_ll_usb.o
 .ARM.attributes
                0x0000058b       0x34 C:/ST/STM32CubeIDE_1.18.1/STM32CubeIDE/plugins/com.st.stm32cube.ide.mcu.externaltools.gnu-tools-for-stm32.13.3.rel1.win32_1.0.0.202411081344/tools/bin/../lib/gcc/arm-none-eabi/13.3.1/../../../../arm-none-eabi/lib/thumb/v7e-m+fp/hard\libc_nano.a(libc_a-malloc.o)
 .ARM.attributes
                0x000005bf       0x34 C:/ST/STM32CubeIDE_1.18.1/STM32CubeIDE/plugins/com.st.stm32cube.ide.mcu.externaltools.gnu-tools-for-stm32.13.3.rel1.win32_1.0.0.202411081344/tools/bin/../lib/gcc/arm-none-eabi/13.3.1/../../../../arm-none-eabi/lib/thumb/v7e-m+fp/hard\libc_nano.a(libc_a-mallocr.o)
 .ARM.attributes
                0x000005f3       0x34 C:/ST/STM32CubeIDE_1.18.1/STM32CubeIDE/plugins/com.st.stm32cube.ide.mcu.externaltools.gnu-tools-for-stm32.13.3.rel1.win32_1.0.0.202411081344/tools/bin/../lib/gcc/arm-none-eabi/13.3.1/../../../../arm-none-eabi/lib/thumb/v7e-m+fp/hard\libc_nano.a(libc_a-mlock.o)
 .ARM.attributes
                0x00000627       0x34 C:/ST/STM32CubeIDE_1.18.1/STM32CubeIDE/plugins/com.st.stm32cube.ide.mcu.externaltools.gnu-tools-for-stm32.13.3.rel1.win32_1.0.0.202411081344/tools/bin/../lib/gcc/arm-none-eabi/13.3.1/../../../../arm-none-eabi/lib/thumb/v7e-m+fp/hard\libc_nano.a(libc_a-findfp.o)
 .ARM.attributes
                0x0000065b       0x34 C:/ST/STM32CubeIDE_1.18.1/STM32CubeIDE/plugins/com.st.stm32cube.ide.mcu.externaltools.gnu-tools-for-stm32.13.3.rel1.win32_1.0.0.202411081344/tools/bin/../lib/gcc/arm-none-eabi/13.3.1/../../../../arm-none-eabi/lib/thumb/v7e-m+fp/hard\libc_nano.a(libc_a-sprintf.o)
 .ARM.attributes
                0x0000068f       0x34 C:/ST/STM32CubeIDE_1.18.1/STM32CubeIDE/plugins/com.st.stm32cube.ide.mcu.externaltools.gnu-tools-for-stm32.13.3.rel1.win32_1.0.0.202411081344/tools/bin/../lib/gcc/arm-none-eabi/13.3.1/../../../../arm-none-eabi/lib/thumb/v7e-m+fp/hard\libc_nano.a(libc_a-memset.o)
 .ARM.attributes
                0x000006c3       0x34 C:/ST/STM32CubeIDE_1.18.1/STM32CubeIDE/plugins/com.st.stm32cube.ide.mcu.externaltools.gnu-tools-for-stm32.13.3.rel1.win32_1.0.0.202411081344/tools/bin/../lib/gcc/arm-none-eabi/13.3.1/../../../../arm-none-eabi/lib/thumb/v7e-m+fp/hard\libc_nano.a(libc_a-reent.o)
 .ARM.attributes
                0x000006f7       0x34 C:/ST/STM32CubeIDE_1.18.1/STM32CubeIDE/plugins/com.st.stm32cube.ide.mcu.externaltools.gnu-tools-for-stm32.13.3.rel1.win32_1.0.0.202411081344/tools/bin/../lib/gcc/arm-none-eabi/13.3.1/../../../../arm-none-eabi/lib/thumb/v7e-m+fp/hard\libc_nano.a(libc_a-impure.o)
 .ARM.attributes
                0x0000072b       0x34 C:/ST/STM32CubeIDE_1.18.1/STM32CubeIDE/plugins/com.st.stm32cube.ide.mcu.externaltools.gnu-tools-for-stm32.13.3.rel1.win32_1.0.0.202411081344/tools/bin/../lib/gcc/arm-none-eabi/13.3.1/../../../../arm-none-eabi/lib/thumb/v7e-m+fp/hard\libc_nano.a(libc_a-sbrkr.o)
 .ARM.attributes
                0x0000075f       0x34 C:/ST/STM32CubeIDE_1.18.1/STM32CubeIDE/plugins/com.st.stm32cube.ide.mcu.externaltools.gnu-tools-for-stm32.13.3.rel1.win32_1.0.0.202411081344/tools/bin/../lib/gcc/arm-none-eabi/13.3.1/../../../../arm-none-eabi/lib/thumb/v7e-m+fp/hard\libc_nano.a(libc_a-errno.o)
 .ARM.attributes
                0x00000793       0x34 C:/ST/STM32CubeIDE_1.18.1/STM32CubeIDE/plugins/com.st.stm32cube.ide.mcu.externaltools.gnu-tools-for-stm32.13.3.rel1.win32_1.0.0.202411081344/tools/bin/../lib/gcc/arm-none-eabi/13.3.1/../../../../arm-none-eabi/lib/thumb/v7e-m+fp/hard\libc_nano.a(libc_a-init.o)
 .ARM.attributes
                0x000007c7       0x34 C:/ST/STM32CubeIDE_1.18.1/STM32CubeIDE/plugins/com.st.stm32cube.ide.mcu.externaltools.gnu-tools-for-stm32.13.3.rel1.win32_1.0.0.202411081344/tools/bin/../lib/gcc/arm-none-eabi/13.3.1/../../../../arm-none-eabi/lib/thumb/v7e-m+fp/hard\libc_nano.a(libc_a-lock.o)
 .ARM.attributes
                0x000007fb       0x34 C:/ST/STM32CubeIDE_1.18.1/STM32CubeIDE/plugins/com.st.stm32cube.ide.mcu.externaltools.gnu-tools-for-stm32.13.3.rel1.win32_1.0.0.202411081344/tools/bin/../lib/gcc/arm-none-eabi/13.3.1/../../../../arm-none-eabi/lib/thumb/v7e-m+fp/hard\libc_nano.a(libc_a-freer.o)
 .ARM.attributes
                0x0000082f       0x34 C:/ST/STM32CubeIDE_1.18.1/STM32CubeIDE/plugins/com.st.stm32cube.ide.mcu.externaltools.gnu-tools-for-stm32.13.3.rel1.win32_1.0.0.202411081344/tools/bin/../lib/gcc/arm-none-eabi/13.3.1/../../../../arm-none-eabi/lib/thumb/v7e-m+fp/hard\libc_nano.a(libc_a-nano-svfprintf.o)
 .ARM.attributes
                0x00000863       0x34 C:/ST/STM32CubeIDE_1.18.1/STM32CubeIDE/plugins/com.st.stm32cube.ide.mcu.externaltools.gnu-tools-for-stm32.13.3.rel1.win32_1.0.0.202411081344/tools/bin/../lib/gcc/arm-none-eabi/13.3.1/../../../../arm-none-eabi/lib/thumb/v7e-m+fp/hard\libc_nano.a(libc_a-nano-vfprintf_i.o)
 .ARM.attributes
                0x00000897       0x34 C:/ST/STM32CubeIDE_1.18.1/STM32CubeIDE/plugins/com.st.stm32cube.ide.mcu.externaltools.gnu-tools-for-stm32.13.3.rel1.win32_1.0.0.202411081344/tools/bin/../lib/gcc/arm-none-eabi/13.3.1/../../../../arm-none-eabi/lib/thumb/v7e-m+fp/hard\libc_nano.a(libc_a-memmove.o)
 .ARM.attributes
                0x000008cb       0x1c C:/ST/STM32CubeIDE_1.18.1/STM32CubeIDE/plugins/com.st.stm32cube.ide.mcu.externaltools.gnu-tools-for-stm32.13.3.rel1.win32_1.0.0.202411081344/tools/bin/../lib/gcc/arm-none-eabi/13.3.1/../../../../arm-none-eabi/lib/thumb/v7e-m+fp/hard\libc_nano.a(libc_a-memchr.o)
 .ARM.attributes
                0x000008e7       0x34 C:/ST/STM32CubeIDE_1.18.1/STM32CubeIDE/plugins/com.st.stm32cube.ide.mcu.externaltools.gnu-tools-for-stm32.13.3.rel1.win32_1.0.0.202411081344/tools/bin/../lib/gcc/arm-none-eabi/13.3.1/../../../../arm-none-eabi/lib/thumb/v7e-m+fp/hard\libc_nano.a(libc_a-memcpy-stub.o)
 .ARM.attributes
                0x0000091b       0x34 C:/ST/STM32CubeIDE_1.18.1/STM32CubeIDE/plugins/com.st.stm32cube.ide.mcu.externaltools.gnu-tools-for-stm32.13.3.rel1.win32_1.0.0.202411081344/tools/bin/../lib/gcc/arm-none-eabi/13.3.1/../../../../arm-none-eabi/lib/thumb/v7e-m+fp/hard\libc_nano.a(libc_a-reallocr.o)
 .ARM.attributes
                0x0000094f       0x34 C:/ST/STM32CubeIDE_1.18.1/STM32CubeIDE/plugins/com.st.stm32cube.ide.mcu.externaltools.gnu-tools-for-stm32.13.3.rel1.win32_1.0.0.202411081344/tools/bin/../lib/gcc/arm-none-eabi/13.3.1/../../../../arm-none-eabi/lib/thumb/v7e-m+fp/hard\libc_nano.a(libc_a-msizer.o)
 .ARM.attributes
                0x00000983       0x22 C:/ST/STM32CubeIDE_1.18.1/STM32CubeIDE/plugins/com.st.stm32cube.ide.mcu.externaltools.gnu-tools-for-stm32.13.3.rel1.win32_1.0.0.202411081344/tools/bin/../lib/gcc/arm-none-eabi/13.3.1/thumb/v7e-m+fp/hard\libgcc.a(_aeabi_uldivmod.o)
 .ARM.attributes
                0x000009a5       0x34 C:/ST/STM32CubeIDE_1.18.1/STM32CubeIDE/plugins/com.st.stm32cube.ide.mcu.externaltools.gnu-tools-for-stm32.13.3.rel1.win32_1.0.0.202411081344/tools/bin/../lib/gcc/arm-none-eabi/13.3.1/thumb/v7e-m+fp/hard\libgcc.a(_udivmoddi4.o)
 .ARM.attributes
                0x000009d9       0x22 C:/ST/STM32CubeIDE_1.18.1/STM32CubeIDE/plugins/com.st.stm32cube.ide.mcu.externaltools.gnu-tools-for-stm32.13.3.rel1.win32_1.0.0.202411081344/tools/bin/../lib/gcc/arm-none-eabi/13.3.1/thumb/v7e-m+fp/hard\libgcc.a(_dvmd_tls.o)
 .ARM.attributes
                0x000009fb       0x22 C:/ST/STM32CubeIDE_1.18.1/STM32CubeIDE/plugins/com.st.stm32cube.ide.mcu.externaltools.gnu-tools-for-stm32.13.3.rel1.win32_1.0.0.202411081344/tools/bin/../lib/gcc/arm-none-eabi/13.3.1/thumb/v7e-m+fp/hard/crtn.o
OUTPUT(FirstIDEProject.elf elf32-littlearm)
LOAD linker stubs
LOAD C:/ST/STM32CubeIDE_1.18.1/STM32CubeIDE/plugins/com.st.stm32cube.ide.mcu.externaltools.gnu-tools-for-stm32.13.3.rel1.win32_1.0.0.202411081344/tools/bin/../lib/gcc/arm-none-eabi/13.3.1/../../../../arm-none-eabi/lib/thumb/v7e-m+fp/hard\libc.a
LOAD C:/ST/STM32CubeIDE_1.18.1/STM32CubeIDE/plugins/com.st.stm32cube.ide.mcu.externaltools.gnu-tools-for-stm32.13.3.rel1.win32_1.0.0.202411081344/tools/bin/../lib/gcc/arm-none-eabi/13.3.1/../../../../arm-none-eabi/lib/thumb/v7e-m+fp/hard\libm.a
LOAD C:/ST/STM32CubeIDE_1.18.1/STM32CubeIDE/plugins/com.st.stm32cube.ide.mcu.externaltools.gnu-tools-for-stm32.13.3.rel1.win32_1.0.0.202411081344/tools/bin/../lib/gcc/arm-none-eabi/13.3.1/thumb/v7e-m+fp/hard\libgcc.a

.debug_info     0x00000000    0x177f3
 .debug_info    0x00000000      0x143 ./Core/Interfaces/interfaceB1.o
 .debug_info    0x00000143       0xc1 ./Core/Interfaces/interfaceT1.o
 .debug_info    0x00000204      0x2d2 ./Core/Pilotes/PiloteIO_SPI_EPAPER.o
 .debug_info    0x000004d6      0x6e2 ./Core/Pilotes/PïloteTimer6Up.o
 .debug_info    0x00000bb8      0x1ca ./Core/Pilotes/piloteIOT1.o
 .debug_info    0x00000d82      0xa0d ./Core/Src/EPD_352_Interface.o
 .debug_info    0x0000178f     0x1001 ./Core/Src/GUI_Paint.o
 .debug_info    0x00002790       0xda ./Core/Src/ImageData.o
 .debug_info    0x0000286a     0x1f1e ./Core/Src/main.o
 .debug_info    0x00004788     0x1aba ./Core/Src/stm32f4xx_hal_msp.o
 .debug_info    0x00006242      0xbc4 ./Core/Src/stm32f4xx_it.o
 .debug_info    0x00006e06      0x168 ./Core/Src/sysmem.o
 .debug_info    0x00006f6e      0x512 ./Core/Src/system_stm32f4xx.o
 .debug_info    0x00007480       0x30 ./Core/Startup/startup_stm32f407vgtx.o
 .debug_info    0x000074b0      0x944 ./Drivers/STM32F4xx_HAL_Driver/Src/stm32f4xx_hal.o
 .debug_info    0x00007df4      0xd8c ./Drivers/STM32F4xx_HAL_Driver/Src/stm32f4xx_hal_cortex.o
 .debug_info    0x00008b80      0x6c3 ./Drivers/STM32F4xx_HAL_Driver/Src/stm32f4xx_hal_gpio.o
 .debug_info    0x00009243     0x2415 ./Drivers/STM32F4xx_HAL_Driver/Src/stm32f4xx_hal_i2c.o
 .debug_info    0x0000b658     0x156f ./Drivers/STM32F4xx_HAL_Driver/Src/stm32f4xx_hal_pcd.o
 .debug_info    0x0000cbc7      0x6ea ./Drivers/STM32F4xx_HAL_Driver/Src/stm32f4xx_hal_pcd_ex.o
 .debug_info    0x0000d2b1      0x8c3 ./Drivers/STM32F4xx_HAL_Driver/Src/stm32f4xx_hal_rcc.o
 .debug_info    0x0000db74     0x1525 ./Drivers/STM32F4xx_HAL_Driver/Src/stm32f4xx_hal_spi.o
 .debug_info    0x0000f099     0x299d ./Drivers/STM32F4xx_HAL_Driver/Src/stm32f4xx_hal_tim.o
 .debug_info    0x00011a36     0x14db ./Drivers/STM32F4xx_HAL_Driver/Src/stm32f4xx_hal_tim_ex.o
 .debug_info    0x00012f11     0x2f4f ./Drivers/STM32F4xx_HAL_Driver/Src/stm32f4xx_hal_uart.o
 .debug_info    0x00015e60     0x1993 ./Drivers/STM32F4xx_HAL_Driver/Src/stm32f4xx_ll_usb.o

.debug_abbrev   0x00000000     0x324d
 .debug_abbrev  0x00000000       0xfd ./Core/Interfaces/interfaceB1.o
 .debug_abbrev  0x000000fd       0x63 ./Core/Interfaces/interfaceT1.o
 .debug_abbrev  0x00000160      0x16e ./Core/Pilotes/PiloteIO_SPI_EPAPER.o
 .debug_abbrev  0x000002ce      0x1d0 ./Core/Pilotes/PïloteTimer6Up.o
 .debug_abbrev  0x0000049e      0x11c ./Core/Pilotes/piloteIOT1.o
 .debug_abbrev  0x000005ba      0x2a4 ./Core/Src/EPD_352_Interface.o
 .debug_abbrev  0x0000085e      0x1d5 ./Core/Src/GUI_Paint.o
 .debug_abbrev  0x00000a33       0x74 ./Core/Src/ImageData.o
 .debug_abbrev  0x00000aa7      0x32f ./Core/Src/main.o
 .debug_abbrev  0x00000dd6      0x262 ./Core/Src/stm32f4xx_hal_msp.o
 .debug_abbrev  0x00001038      0x1e9 ./Core/Src/stm32f4xx_it.o
 .debug_abbrev  0x00001221       0xbc ./Core/Src/sysmem.o
 .debug_abbrev  0x000012dd      0x11a ./Core/Src/system_stm32f4xx.o
 .debug_abbrev  0x000013f7       0x24 ./Core/Startup/startup_stm32f407vgtx.o
 .debug_abbrev  0x0000141b      0x214 ./Drivers/STM32F4xx_HAL_Driver/Src/stm32f4xx_hal.o
 .debug_abbrev  0x0000162f      0x31d ./Drivers/STM32F4xx_HAL_Driver/Src/stm32f4xx_hal_cortex.o
 .debug_abbrev  0x0000194c      0x1d4 ./Drivers/STM32F4xx_HAL_Driver/Src/stm32f4xx_hal_gpio.o
 .debug_abbrev  0x00001b20      0x2ad ./Drivers/STM32F4xx_HAL_Driver/Src/stm32f4xx_hal_i2c.o
 .debug_abbrev  0x00001dcd      0x2b9 ./Drivers/STM32F4xx_HAL_Driver/Src/stm32f4xx_hal_pcd.o
 .debug_abbrev  0x00002086      0x1da ./Drivers/STM32F4xx_HAL_Driver/Src/stm32f4xx_hal_pcd_ex.o
 .debug_abbrev  0x00002260      0x2b7 ./Drivers/STM32F4xx_HAL_Driver/Src/stm32f4xx_hal_rcc.o
 .debug_abbrev  0x00002517      0x27a ./Drivers/STM32F4xx_HAL_Driver/Src/stm32f4xx_hal_spi.o
 .debug_abbrev  0x00002791      0x278 ./Drivers/STM32F4xx_HAL_Driver/Src/stm32f4xx_hal_tim.o
 .debug_abbrev  0x00002a09      0x283 ./Drivers/STM32F4xx_HAL_Driver/Src/stm32f4xx_hal_tim_ex.o
 .debug_abbrev  0x00002c8c      0x30e ./Drivers/STM32F4xx_HAL_Driver/Src/stm32f4xx_hal_uart.o
 .debug_abbrev  0x00002f9a      0x2b3 ./Drivers/STM32F4xx_HAL_Driver/Src/stm32f4xx_ll_usb.o

.debug_aranges  0x00000000     0x1638
 .debug_aranges
                0x00000000       0x28 ./Core/Interfaces/interfaceB1.o
 .debug_aranges
                0x00000028       0x30 ./Core/Interfaces/interfaceT1.o
 .debug_aranges
                0x00000058       0x88 ./Core/Pilotes/PiloteIO_SPI_EPAPER.o
 .debug_aranges
                0x000000e0       0x30 ./Core/Pilotes/PïloteTimer6Up.o
 .debug_aranges
                0x00000110       0x28 ./Core/Pilotes/piloteIOT1.o
 .debug_aranges
                0x00000138       0x78 ./Core/Src/EPD_352_Interface.o
 .debug_aranges
                0x000001b0       0xc0 ./Core/Src/GUI_Paint.o
 .debug_aranges
                0x00000270       0x18 ./Core/Src/ImageData.o
 .debug_aranges
                0x00000288       0x88 ./Core/Src/main.o
 .debug_aranges
                0x00000310       0x70 ./Core/Src/stm32f4xx_hal_msp.o
 .debug_aranges
                0x00000380       0x70 ./Core/Src/stm32f4xx_it.o
 .debug_aranges
                0x000003f0       0x20 ./Core/Src/sysmem.o
 .debug_aranges
                0x00000410       0x28 ./Core/Src/system_stm32f4xx.o
 .debug_aranges
                0x00000438       0x28 ./Core/Startup/startup_stm32f407vgtx.o
 .debug_aranges
                0x00000460       0xf0 ./Drivers/STM32F4xx_HAL_Driver/Src/stm32f4xx_hal.o
 .debug_aranges
                0x00000550      0x130 ./Drivers/STM32F4xx_HAL_Driver/Src/stm32f4xx_hal_cortex.o
 .debug_aranges
                0x00000680       0x58 ./Drivers/STM32F4xx_HAL_Driver/Src/stm32f4xx_hal_gpio.o
 .debug_aranges
                0x000006d8      0x2a8 ./Drivers/STM32F4xx_HAL_Driver/Src/stm32f4xx_hal_i2c.o
 .debug_aranges
                0x00000980      0x148 ./Drivers/STM32F4xx_HAL_Driver/Src/stm32f4xx_hal_pcd.o
 .debug_aranges
                0x00000ac8       0x38 ./Drivers/STM32F4xx_HAL_Driver/Src/stm32f4xx_hal_pcd_ex.o
 .debug_aranges
                0x00000b00       0x88 ./Drivers/STM32F4xx_HAL_Driver/Src/stm32f4xx_hal_rcc.o
 .debug_aranges
                0x00000b88      0x1d0 ./Drivers/STM32F4xx_HAL_Driver/Src/stm32f4xx_hal_spi.o
 .debug_aranges
                0x00000d58      0x3d0 ./Drivers/STM32F4xx_HAL_Driver/Src/stm32f4xx_hal_tim.o
 .debug_aranges
                0x00001128      0x168 ./Drivers/STM32F4xx_HAL_Driver/Src/stm32f4xx_hal_tim_ex.o
 .debug_aranges
                0x00001290      0x208 ./Drivers/STM32F4xx_HAL_Driver/Src/stm32f4xx_hal_uart.o
 .debug_aranges
                0x00001498      0x1a0 ./Drivers/STM32F4xx_HAL_Driver/Src/stm32f4xx_ll_usb.o

.debug_rnglists
                0x00000000     0x1155
 .debug_rnglists
                0x00000000       0x1a ./Core/Interfaces/interfaceB1.o
 .debug_rnglists
                0x0000001a       0x1f ./Core/Interfaces/interfaceT1.o
 .debug_rnglists
                0x00000039       0x61 ./Core/Pilotes/PiloteIO_SPI_EPAPER.o
 .debug_rnglists
                0x0000009a       0x1f ./Core/Pilotes/PïloteTimer6Up.o
 .debug_rnglists
                0x000000b9       0x19 ./Core/Pilotes/piloteIOT1.o
 .debug_rnglists
                0x000000d2       0x5a ./Core/Src/EPD_352_Interface.o
 .debug_rnglists
                0x0000012c       0x9b ./Core/Src/GUI_Paint.o
 .debug_rnglists
                0x000001c7       0x65 ./Core/Src/main.o
 .debug_rnglists
                0x0000022c       0x53 ./Core/Src/stm32f4xx_hal_msp.o
 .debug_rnglists
                0x0000027f       0x4f ./Core/Src/stm32f4xx_it.o
 .debug_rnglists
                0x000002ce       0x13 ./Core/Src/sysmem.o
 .debug_rnglists
                0x000002e1       0x1a ./Core/Src/system_stm32f4xx.o
 .debug_rnglists
                0x000002fb       0x19 ./Core/Startup/startup_stm32f407vgtx.o
 .debug_rnglists
                0x00000314       0xaf ./Drivers/STM32F4xx_HAL_Driver/Src/stm32f4xx_hal.o
 .debug_rnglists
                0x000003c3       0xe0 ./Drivers/STM32F4xx_HAL_Driver/Src/stm32f4xx_hal_cortex.o
 .debug_rnglists
                0x000004a3       0x3f ./Drivers/STM32F4xx_HAL_Driver/Src/stm32f4xx_hal_gpio.o
 .debug_rnglists
                0x000004e2      0x23c ./Drivers/STM32F4xx_HAL_Driver/Src/stm32f4xx_hal_i2c.o
 .debug_rnglists
                0x0000071e       0xfa ./Drivers/STM32F4xx_HAL_Driver/Src/stm32f4xx_hal_pcd.o
 .debug_rnglists
                0x00000818       0x26 ./Drivers/STM32F4xx_HAL_Driver/Src/stm32f4xx_hal_pcd_ex.o
 .debug_rnglists
                0x0000083e       0x66 ./Drivers/STM32F4xx_HAL_Driver/Src/stm32f4xx_hal_rcc.o
 .debug_rnglists
                0x000008a4      0x16f ./Drivers/STM32F4xx_HAL_Driver/Src/stm32f4xx_hal_spi.o
 .debug_rnglists
                0x00000a13      0x31a ./Drivers/STM32F4xx_HAL_Driver/Src/stm32f4xx_hal_tim.o
 .debug_rnglists
                0x00000d2d      0x125 ./Drivers/STM32F4xx_HAL_Driver/Src/stm32f4xx_hal_tim_ex.o
 .debug_rnglists
                0x00000e52      0x1bc ./Drivers/STM32F4xx_HAL_Driver/Src/stm32f4xx_hal_uart.o
 .debug_rnglists
                0x0000100e      0x147 ./Drivers/STM32F4xx_HAL_Driver/Src/stm32f4xx_ll_usb.o

.debug_macro    0x00000000    0x2448b
 .debug_macro   0x00000000      0x363 ./Core/Interfaces/interfaceB1.o
 .debug_macro   0x00000363      0xad8 ./Core/Interfaces/interfaceB1.o
 .debug_macro   0x00000e3b      0x2ad ./Core/Interfaces/interfaceB1.o
 .debug_macro   0x000010e8       0x2e ./Core/Interfaces/interfaceB1.o
 .debug_macro   0x00001116       0x2f ./Core/Interfaces/interfaceB1.o
 .debug_macro   0x00001145       0x22 ./Core/Interfaces/interfaceB1.o
 .debug_macro   0x00001167       0x8e ./Core/Interfaces/interfaceB1.o
 .debug_macro   0x000011f5       0x51 ./Core/Interfaces/interfaceB1.o
 .debug_macro   0x00001246      0x103 ./Core/Interfaces/interfaceB1.o
 .debug_macro   0x00001349       0x6a ./Core/Interfaces/interfaceB1.o
 .debug_macro   0x000013b3      0x1df ./Core/Interfaces/interfaceB1.o
 .debug_macro   0x00001592       0x1c ./Core/Interfaces/interfaceB1.o
 .debug_macro   0x000015ae       0x22 ./Core/Interfaces/interfaceB1.o
 .debug_macro   0x000015d0       0xfb ./Core/Interfaces/interfaceB1.o
 .debug_macro   0x000016cb     0x1011 ./Core/Interfaces/interfaceB1.o
 .debug_macro   0x000026dc      0x11f ./Core/Interfaces/interfaceB1.o
 .debug_macro   0x000027fb    0x15ea5 ./Core/Interfaces/interfaceB1.o
 .debug_macro   0x000186a0       0x6d ./Core/Interfaces/interfaceB1.o
 .debug_macro   0x0001870d     0x3693 ./Core/Interfaces/interfaceB1.o
 .debug_macro   0x0001bda0      0x190 ./Core/Interfaces/interfaceB1.o
 .debug_macro   0x0001bf30       0x5c ./Core/Interfaces/interfaceB1.o
 .debug_macro   0x0001bf8c      0x980 ./Core/Interfaces/interfaceB1.o
 .debug_macro   0x0001c90c      0x9e9 ./Core/Interfaces/interfaceB1.o
 .debug_macro   0x0001d2f5      0x115 ./Core/Interfaces/interfaceB1.o
 .debug_macro   0x0001d40a      0x13e ./Core/Interfaces/interfaceB1.o
 .debug_macro   0x0001d548       0xa5 ./Core/Interfaces/interfaceB1.o
 .debug_macro   0x0001d5ed      0x174 ./Core/Interfaces/interfaceB1.o
 .debug_macro   0x0001d761      0x287 ./Core/Interfaces/interfaceB1.o
 .debug_macro   0x0001d9e8       0x5f ./Core/Interfaces/interfaceB1.o
 .debug_macro   0x0001da47      0x236 ./Core/Interfaces/interfaceB1.o
 .debug_macro   0x0001dc7d      0x12c ./Core/Interfaces/interfaceB1.o
 .debug_macro   0x0001dda9      0x21e ./Core/Interfaces/interfaceB1.o
 .debug_macro   0x0001dfc7       0x2e ./Core/Interfaces/interfaceB1.o
 .debug_macro   0x0001dff5      0x1b5 ./Core/Interfaces/interfaceB1.o
 .debug_macro   0x0001e1aa       0xd6 ./Core/Interfaces/interfaceB1.o
 .debug_macro   0x0001e280      0x127 ./Core/Interfaces/interfaceB1.o
 .debug_macro   0x0001e3a7       0x7e ./Core/Interfaces/interfaceB1.o
 .debug_macro   0x0001e425       0x89 ./Core/Interfaces/interfaceB1.o
 .debug_macro   0x0001e4ae      0x225 ./Core/Interfaces/interfaceB1.o
 .debug_macro   0x0001e6d3      0x8ed ./Core/Interfaces/interfaceB1.o
 .debug_macro   0x0001efc0       0x4d ./Core/Interfaces/interfaceB1.o
 .debug_macro   0x0001f00d      0x2aa ./Core/Interfaces/interfaceB1.o
 .debug_macro   0x0001f2b7      0x293 ./Core/Interfaces/interfaceB1.o
 .debug_macro   0x0001f54a       0xba ./Core/Interfaces/interfaceB1.o
 .debug_macro   0x0001f604      0x12d ./Core/Interfaces/interfaceB1.o
 .debug_macro   0x0001f731       0x61 ./Core/Interfaces/interfaceB1.o
 .debug_macro   0x0001f792       0x2a ./Core/Interfaces/interfaceB1.o
 .debug_macro   0x0001f7bc       0x43 ./Core/Interfaces/interfaceB1.o
 .debug_macro   0x0001f7ff       0x34 ./Core/Interfaces/interfaceB1.o
 .debug_macro   0x0001f833       0x16 ./Core/Interfaces/interfaceB1.o
 .debug_macro   0x0001f849       0x3c ./Core/Interfaces/interfaceB1.o
 .debug_macro   0x0001f885      0x370 ./Core/Interfaces/interfaceB1.o
 .debug_macro   0x0001fbf5       0x10 ./Core/Interfaces/interfaceB1.o
 .debug_macro   0x0001fc05       0x16 ./Core/Interfaces/interfaceB1.o
 .debug_macro   0x0001fc1b       0x4a ./Core/Interfaces/interfaceB1.o
 .debug_macro   0x0001fc65       0x34 ./Core/Interfaces/interfaceB1.o
 .debug_macro   0x0001fc99       0x10 ./Core/Interfaces/interfaceB1.o
 .debug_macro   0x0001fca9       0x58 ./Core/Interfaces/interfaceB1.o
 .debug_macro   0x0001fd01       0x8e ./Core/Interfaces/interfaceB1.o
 .debug_macro   0x0001fd8f       0x1c ./Core/Interfaces/interfaceB1.o
 .debug_macro   0x0001fdab      0x185 ./Core/Interfaces/interfaceB1.o
 .debug_macro   0x0001ff30       0x16 ./Core/Interfaces/interfaceB1.o
 .debug_macro   0x0001ff46       0x16 ./Core/Interfaces/interfaceB1.o
 .debug_macro   0x0001ff5c      0x146 ./Core/Interfaces/interfaceB1.o
 .debug_macro   0x000200a2       0x22 ./Core/Interfaces/interfaceB1.o
 .debug_macro   0x000200c4       0x16 ./Core/Interfaces/interfaceB1.o
 .debug_macro   0x000200da       0x16 ./Core/Interfaces/interfaceB1.o
 .debug_macro   0x000200f0       0x29 ./Core/Interfaces/interfaceB1.o
 .debug_macro   0x00020119      0x2e1 ./Core/Interfaces/interfaceB1.o
 .debug_macro   0x000203fa       0x1c ./Core/Interfaces/interfaceB1.o
 .debug_macro   0x00020416      0x34e ./Core/Interfaces/interfaceT1.o
 .debug_macro   0x00020764      0x344 ./Core/Pilotes/PiloteIO_SPI_EPAPER.o
 .debug_macro   0x00020aa8      0x344 ./Core/Pilotes/PïloteTimer6Up.o
 .debug_macro   0x00020dec      0x344 ./Core/Pilotes/piloteIOT1.o
 .debug_macro   0x00021130      0x357 ./Core/Src/EPD_352_Interface.o
 .debug_macro   0x00021487       0x4c ./Core/Src/EPD_352_Interface.o
 .debug_macro   0x000214d3      0x19c ./Core/Src/GUI_Paint.o
 .debug_macro   0x0002166f       0x16 ./Core/Src/GUI_Paint.o
 .debug_macro   0x00021685       0x78 ./Core/Src/GUI_Paint.o
 .debug_macro   0x000216fd      0x11c ./Core/Src/GUI_Paint.o
 .debug_macro   0x00021819       0x9b ./Core/Src/GUI_Paint.o
 .debug_macro   0x000218b4       0x16 ./Core/Src/GUI_Paint.o
 .debug_macro   0x000218ca       0x20 ./Core/Src/GUI_Paint.o
 .debug_macro   0x000218ea      0x19b ./Core/Src/GUI_Paint.o
 .debug_macro   0x00021a85       0x1b ./Core/Src/ImageData.o
 .debug_macro   0x00021aa0      0x3f0 ./Core/Src/main.o
 .debug_macro   0x00021e90       0x1c ./Core/Src/main.o
 .debug_macro   0x00021eac      0x33a ./Core/Src/stm32f4xx_hal_msp.o
 .debug_macro   0x000221e6      0x344 ./Core/Src/stm32f4xx_it.o
 .debug_macro   0x0002252a      0x112 ./Core/Src/sysmem.o
 .debug_macro   0x0002263c      0x23c ./Core/Src/sysmem.o
 .debug_macro   0x00022878      0x216 ./Core/Src/system_stm32f4xx.o
 .debug_macro   0x00022a8e      0x276 ./Drivers/STM32F4xx_HAL_Driver/Src/stm32f4xx_hal.o
 .debug_macro   0x00022d04      0x216 ./Drivers/STM32F4xx_HAL_Driver/Src/stm32f4xx_hal_cortex.o
 .debug_macro   0x00022f1a      0x21c ./Drivers/STM32F4xx_HAL_Driver/Src/stm32f4xx_hal_gpio.o
 .debug_macro   0x00023136      0x264 ./Drivers/STM32F4xx_HAL_Driver/Src/stm32f4xx_hal_i2c.o
 .debug_macro   0x0002339a      0x222 ./Drivers/STM32F4xx_HAL_Driver/Src/stm32f4xx_hal_pcd.o
 .debug_macro   0x000235bc      0x216 ./Drivers/STM32F4xx_HAL_Driver/Src/stm32f4xx_hal_pcd_ex.o
 .debug_macro   0x000237d2      0x23a ./Drivers/STM32F4xx_HAL_Driver/Src/stm32f4xx_hal_rcc.o
 .debug_macro   0x00023a0c      0x225 ./Drivers/STM32F4xx_HAL_Driver/Src/stm32f4xx_hal_spi.o
 .debug_macro   0x00023c31      0x217 ./Drivers/STM32F4xx_HAL_Driver/Src/stm32f4xx_hal_tim.o
 .debug_macro   0x00023e48      0x216 ./Drivers/STM32F4xx_HAL_Driver/Src/stm32f4xx_hal_tim_ex.o
 .debug_macro   0x0002405e      0x217 ./Drivers/STM32F4xx_HAL_Driver/Src/stm32f4xx_hal_uart.o
 .debug_macro   0x00024275      0x216 ./Drivers/STM32F4xx_HAL_Driver/Src/stm32f4xx_ll_usb.o

.debug_line     0x00000000    0x1c728
 .debug_line    0x00000000      0xa66 ./Core/Interfaces/interfaceB1.o
 .debug_line    0x00000a66      0x9e5 ./Core/Interfaces/interfaceT1.o
 .debug_line    0x0000144b      0xac0 ./Core/Pilotes/PiloteIO_SPI_EPAPER.o
 .debug_line    0x00001f0b      0x99d ./Core/Pilotes/PïloteTimer6Up.o
 .debug_line    0x000028a8      0x97a ./Core/Pilotes/piloteIOT1.o
 .debug_line    0x00003222      0xe75 ./Core/Src/EPD_352_Interface.o
 .debug_line    0x00004097     0x13c2 ./Core/Src/GUI_Paint.o
 .debug_line    0x00005459       0x53 ./Core/Src/ImageData.o
 .debug_line    0x000054ac      0xe99 ./Core/Src/main.o
 .debug_line    0x00006345      0xb28 ./Core/Src/stm32f4xx_hal_msp.o
 .debug_line    0x00006e6d      0xa36 ./Core/Src/stm32f4xx_it.o
 .debug_line    0x000078a3      0x588 ./Core/Src/sysmem.o
 .debug_line    0x00007e2b      0x84b ./Core/Src/system_stm32f4xx.o
 .debug_line    0x00008676       0x7a ./Core/Startup/startup_stm32f407vgtx.o
 .debug_line    0x000086f0      0xac7 ./Drivers/STM32F4xx_HAL_Driver/Src/stm32f4xx_hal.o
 .debug_line    0x000091b7      0xd97 ./Drivers/STM32F4xx_HAL_Driver/Src/stm32f4xx_hal_cortex.o
 .debug_line    0x00009f4e      0xc1f ./Drivers/STM32F4xx_HAL_Driver/Src/stm32f4xx_hal_gpio.o
 .debug_line    0x0000ab6d     0x3b74 ./Drivers/STM32F4xx_HAL_Driver/Src/stm32f4xx_hal_i2c.o
 .debug_line    0x0000e6e1     0x1512 ./Drivers/STM32F4xx_HAL_Driver/Src/stm32f4xx_hal_pcd.o
 .debug_line    0x0000fbf3      0x890 ./Drivers/STM32F4xx_HAL_Driver/Src/stm32f4xx_hal_pcd_ex.o
 .debug_line    0x00010483      0xed6 ./Drivers/STM32F4xx_HAL_Driver/Src/stm32f4xx_hal_rcc.o
 .debug_line    0x00011359     0x1d62 ./Drivers/STM32F4xx_HAL_Driver/Src/stm32f4xx_hal_spi.o
 .debug_line    0x000130bb     0x383c ./Drivers/STM32F4xx_HAL_Driver/Src/stm32f4xx_hal_tim.o
 .debug_line    0x000168f7     0x1a27 ./Drivers/STM32F4xx_HAL_Driver/Src/stm32f4xx_hal_tim_ex.o
 .debug_line    0x0001831e     0x260f ./Drivers/STM32F4xx_HAL_Driver/Src/stm32f4xx_hal_uart.o
 .debug_line    0x0001a92d     0x1dfb ./Drivers/STM32F4xx_HAL_Driver/Src/stm32f4xx_ll_usb.o

.debug_str      0x00000000    0xd3f09
 .debug_str     0x00000000    0xd3f09 ./Core/Interfaces/interfaceB1.o
                              0xcc6c2 (size before relaxing)
 .debug_str     0x000d3f09    0xcc534 ./Core/Interfaces/interfaceT1.o
 .debug_str     0x000d3f09    0xcc6f3 ./Core/Pilotes/PiloteIO_SPI_EPAPER.o
 .debug_str     0x000d3f09    0xccae3 ./Core/Pilotes/PïloteTimer6Up.o
 .debug_str     0x000d3f09    0xcc597 ./Core/Pilotes/piloteIOT1.o
 .debug_str     0x000d3f09    0xccd9c ./Core/Src/EPD_352_Interface.o
 .debug_str     0x000d3f09     0x833a ./Core/Src/GUI_Paint.o
 .debug_str     0x000d3f09     0x2ed2 ./Core/Src/ImageData.o
 .debug_str     0x000d3f09    0xce156 ./Core/Src/main.o
 .debug_str     0x000d3f09    0xcdb48 ./Core/Src/stm32f4xx_hal_msp.o
 .debug_str     0x000d3f09    0xcce9c ./Core/Src/stm32f4xx_it.o
 .debug_str     0x000d3f09     0x7781 ./Core/Src/sysmem.o
 .debug_str     0x000d3f09    0xc81f2 ./Core/Src/system_stm32f4xx.o
 .debug_str     0x000d3f09       0x83 ./Core/Startup/startup_stm32f407vgtx.o
 .debug_str     0x000d3f09    0xc8d76 ./Drivers/STM32F4xx_HAL_Driver/Src/stm32f4xx_hal.o
 .debug_str     0x000d3f09    0xc8af2 ./Drivers/STM32F4xx_HAL_Driver/Src/stm32f4xx_hal_cortex.o
 .debug_str     0x000d3f09    0xc836d ./Drivers/STM32F4xx_HAL_Driver/Src/stm32f4xx_hal_gpio.o
 .debug_str     0x000d3f09    0xc9210 ./Drivers/STM32F4xx_HAL_Driver/Src/stm32f4xx_hal_i2c.o
 .debug_str     0x000d3f09    0xc8cd0 ./Drivers/STM32F4xx_HAL_Driver/Src/stm32f4xx_hal_pcd.o
 .debug_str     0x000d3f09    0xc85c0 ./Drivers/STM32F4xx_HAL_Driver/Src/stm32f4xx_hal_pcd_ex.o
 .debug_str     0x000d3f09    0xc8626 ./Drivers/STM32F4xx_HAL_Driver/Src/stm32f4xx_hal_rcc.o
 .debug_str     0x000d3f09    0xc8ab0 ./Drivers/STM32F4xx_HAL_Driver/Src/stm32f4xx_hal_spi.o
 .debug_str     0x000d3f09    0xc957c ./Drivers/STM32F4xx_HAL_Driver/Src/stm32f4xx_hal_tim.o
 .debug_str     0x000d3f09    0xc8d88 ./Drivers/STM32F4xx_HAL_Driver/Src/stm32f4xx_hal_tim_ex.o
 .debug_str     0x000d3f09    0xc8c07 ./Drivers/STM32F4xx_HAL_Driver/Src/stm32f4xx_hal_uart.o
 .debug_str     0x000d3f09    0xc8bab ./Drivers/STM32F4xx_HAL_Driver/Src/stm32f4xx_ll_usb.o

.comment        0x00000000       0x43
 .comment       0x00000000       0x43 ./Core/Interfaces/interfaceB1.o
                                 0x44 (size before relaxing)
 .comment       0x00000043       0x44 ./Core/Interfaces/interfaceT1.o
 .comment       0x00000043       0x44 ./Core/Pilotes/PiloteIO_SPI_EPAPER.o
 .comment       0x00000043       0x44 ./Core/Pilotes/PïloteTimer6Up.o
 .comment       0x00000043       0x44 ./Core/Pilotes/piloteIOT1.o
 .comment       0x00000043       0x44 ./Core/Src/EPD_352_Interface.o
 .comment       0x00000043       0x44 ./Core/Src/GUI_Paint.o
 .comment       0x00000043       0x44 ./Core/Src/ImageData.o
 .comment       0x00000043       0x44 ./Core/Src/main.o
 .comment       0x00000043       0x44 ./Core/Src/stm32f4xx_hal_msp.o
 .comment       0x00000043       0x44 ./Core/Src/stm32f4xx_it.o
 .comment       0x00000043       0x44 ./Core/Src/sysmem.o
 .comment       0x00000043       0x44 ./Core/Src/system_stm32f4xx.o
 .comment       0x00000043       0x44 ./Drivers/STM32F4xx_HAL_Driver/Src/stm32f4xx_hal.o
 .comment       0x00000043       0x44 ./Drivers/STM32F4xx_HAL_Driver/Src/stm32f4xx_hal_cortex.o
 .comment       0x00000043       0x44 ./Drivers/STM32F4xx_HAL_Driver/Src/stm32f4xx_hal_gpio.o
 .comment       0x00000043       0x44 ./Drivers/STM32F4xx_HAL_Driver/Src/stm32f4xx_hal_i2c.o
 .comment       0x00000043       0x44 ./Drivers/STM32F4xx_HAL_Driver/Src/stm32f4xx_hal_pcd.o
 .comment       0x00000043       0x44 ./Drivers/STM32F4xx_HAL_Driver/Src/stm32f4xx_hal_pcd_ex.o
 .comment       0x00000043       0x44 ./Drivers/STM32F4xx_HAL_Driver/Src/stm32f4xx_hal_rcc.o
 .comment       0x00000043       0x44 ./Drivers/STM32F4xx_HAL_Driver/Src/stm32f4xx_hal_spi.o
 .comment       0x00000043       0x44 ./Drivers/STM32F4xx_HAL_Driver/Src/stm32f4xx_hal_tim.o
 .comment       0x00000043       0x44 ./Drivers/STM32F4xx_HAL_Driver/Src/stm32f4xx_hal_tim_ex.o
 .comment       0x00000043       0x44 ./Drivers/STM32F4xx_HAL_Driver/Src/stm32f4xx_hal_uart.o
 .comment       0x00000043       0x44 ./Drivers/STM32F4xx_HAL_Driver/Src/stm32f4xx_ll_usb.o

.debug_frame    0x00000000     0x6348
 .debug_frame   0x00000000       0x4c ./Core/Interfaces/interfaceB1.o
 .debug_frame   0x0000004c       0x64 ./Core/Interfaces/interfaceT1.o
 .debug_frame   0x000000b0      0x1b4 ./Core/Pilotes/PiloteIO_SPI_EPAPER.o
 .debug_frame   0x00000264       0x70 ./Core/Pilotes/PïloteTimer6Up.o
 .debug_frame   0x000002d4       0x50 ./Core/Pilotes/piloteIOT1.o
 .debug_frame   0x00000324      0x1a8 ./Core/Src/EPD_352_Interface.o
 .debug_frame   0x000004cc      0x358 ./Core/Src/GUI_Paint.o
 .debug_frame   0x00000824      0x1c8 ./Core/Src/main.o
 .debug_frame   0x000009ec      0x19c ./Core/Src/stm32f4xx_hal_msp.o
 .debug_frame   0x00000b88      0x13c ./Core/Src/stm32f4xx_it.o
 .debug_frame   0x00000cc4       0x34 ./Core/Src/sysmem.o
 .debug_frame   0x00000cf8       0x58 ./Core/Src/system_stm32f4xx.o
 .debug_frame   0x00000d50      0x374 ./Drivers/STM32F4xx_HAL_Driver/Src/stm32f4xx_hal.o
 .debug_frame   0x000010c4      0x508 ./Drivers/STM32F4xx_HAL_Driver/Src/stm32f4xx_hal_cortex.o
 .debug_frame   0x000015cc      0x14c ./Drivers/STM32F4xx_HAL_Driver/Src/stm32f4xx_hal_gpio.o