../Core/Src/EPD_352_Interface.c:28:6:EPD_352_SendCommand	16	static
../Core/Src/EPD_352_Interface.c:42:6:EPD_352_SendData	16	static
../Core/Src/EPD_352_Interface.c:54:6:EPD_352_refresh	16	static
../Core/Src/EPD_352_Interface.c:63:6:EPD_3IN52_lut	16	static
../Core/Src/EPD_352_Interface.c:96:6:EPD_352_lut_GC	16	static
../Core/Src/EPD_352_Interface.c:146:6:EPD_352_lut_DU	16	static
../Core/Src/EPD_352_Interface.c:196:6:EPD_352_Init	8	static
../Core/Src/EPD_352_Interface.c:244:6:EPD_352_display	24	static
../Core/Src/EPD_352_Interface.c:259:6:EPD_352_display_NUM	24	static
../Core/Src/EPD_352_Interface.c:343:6:EPD_352_Clear	16	static
../Core/Src/EPD_352_Interface.c:358:6:EPD_352_sleep	8	static
../Core/Src/EPD_352_Interface.c:367:6:EPD_352_Reset	8	static
