../Core/Src/GUI_Paint.c:91:6:Paint_NewImage	24	static
../Core/Src/GUI_Paint.c:123:6:Paint_SelectImage	16	static
../Core/Src/GUI_Paint.c:133:6:Paint_SetRotate	16	static
../Core/Src/GUI_Paint.c:142:6:Paint_SetScale	16	static
../Core/Src/GUI_Paint.c:161:6:Paint_SetMirroring	16	static
../Core/Src/GUI_Paint.c:176:6:Paint_SetPixel	48	static
../Core/Src/GUI_Paint.c:253:6:Paint_Clear	40	static
../Core/Src/GUI_Paint.c:288:6:Paint_ClearWindows	32	static
../Core/Src/GUI_Paint.c:307:6:Paint_DrawPoint	32	static
../Core/Src/GUI_Paint.c:344:6:Paint_DrawLine	64	static
../Core/Src/GUI_Paint.c:401:6:Paint_DrawRectangle	48	static
../Core/Src/GUI_Paint.c:433:6:Paint_DrawCircle	40	static
../Core/Src/GUI_Paint.c:502:6:Paint_DrawChar	40	static
../Core/Src/GUI_Paint.c:551:6:Paint_DrawString_EN	40	static
../Core/Src/GUI_Paint.c:596:6:Paint_DrawString_CN	56	static
../Core/Src/GUI_Paint.c:692:6:Paint_DrawNum	560	static
../Core/Src/GUI_Paint.c:735:6:Paint_DrawNumDecimals	584	static
../Core/Src/GUI_Paint.c:794:6:Paint_DrawTime	48	static
../Core/Src/GUI_Paint.c:820:6:Paint_DrawBitMap	24	static
../Core/Src/GUI_Paint.c:845:6:Paint_DrawBitMap_Paste	40	static
../Core/Src/GUI_Paint.c:939:6:Paint_DrawBitMap_Block	24	static
