../Core/Src/main.c:101:6:neFaitRien	4	static
../Core/Src/main.c:106:6:main_initialiseAvantLeHAL	8	static
../Core/Src/main.c:130:6:main_initialiseApresLeHAL	8	static
../Core/Src/main.c:140:5:main	80	static
../Core/Src/main.c:273:6:SystemClock_Config	88	static
../Core/Src/main.c:319:13:MX_I2C1_Init	8	static
../Core/Src/main.c:353:13:MX_SPI1_Init	8	static
../Core/Src/main.c:391:13:MX_SPI2_Init	8	static
../Core/Src/main.c:429:13:MX_TIM3_Init	32	static
../Core/Src/main.c:474:13:MX_TIM6_Init	16	static
../Core/Src/main.c:512:13:MX_USART2_UART_Init	8	static
../Core/Src/main.c:545:13:MX_USB_OTG_FS_PCD_Init	8	static
../Core/Src/main.c:580:13:MX_GPIO_Init	56	static
../Core/Src/main.c:708:6:Error_Handler	4	static,ignoring_inline_asm
